MPLINK 5.00, LINKER
Linker Map File - Created Wed Jan 04 21:59:14 2023

                                 Section Info
                  Section       Type    Address   Location Size(Bytes)
                ---------  ---------  ---------  ---------  ---------
               _entry_scn       code   0x000000    program   0x000006
           .code___init.o       code   0x000006    program   0x000002
      InterruptVectorHigh       code   0x000008    program   0x000006
     .idata_interrupt.o_i    romdata   0x00000e    program   0x000004
          .idata_main.o_i    romdata   0x00000e    program   0x000000
           .idata_i2c.o_i    romdata   0x000012    program   0x000001
        .idata___init.o_i    romdata   0x000013    program   0x000000
       .idata_fxm3232.o_i    romdata   0x000013    program   0x000000
      .idata_fxd3232u.o_i    romdata   0x000013    program   0x000000
      .idata_fxd2424u.o_i    romdata   0x000013    program   0x000000
      .idata_fxd1616u.o_i    romdata   0x000013    program   0x000000
      .idata_fxd0808u.o_i    romdata   0x000013    program   0x000000
           .idata_adc.o_i    romdata   0x000013    program   0x000000
         .idata_c018i.o_i    romdata   0x000013    program   0x000000
            .code_c018i.o       code   0x000014    program   0x000000
           .code_global.o       code   0x000014    program   0x000000
       InterruptVectorLow       code   0x000018    program   0x000006
                   .cinit    romdata   0x00001e    program   0x00006e
          .code_traffic.o       code   0x00008c    program   0x001dd2
              .code_lcd.o       code   0x001e5e    program   0x000f74
           .code_button.o       code   0x002dd2    program   0x000902
           .code_output.o       code   0x0036d4    program   0x0005d4
             .code_main.o       code   0x003ca8    program   0x00054c
            .code_timer.o       code   0x0041f4    program   0x00051c
              .code_i2c.o       code   0x004710    program   0x000240
        .code_interrupt.o       code   0x004950    program   0x0001f4
             .stringtable    romdata   0x004b44    program   0x000159
           .romdata_i2c.o    romdata   0x004c9d    program   0x000000
       .romdata_traffic.o    romdata   0x004c9d    program   0x000000
           .romdata_adc.o    romdata   0x004c9d    program   0x000000
       .idata_traffic.o_i    romdata   0x004c9d    program   0x000000
           .idata_pwm.o_i    romdata   0x004c9d    program   0x000001
           .romdata_pwm.o    romdata   0x004c9d    program   0x000000
        .romdata_global.o    romdata   0x004c9d    program   0x000000
.romdata_simulate_machine.o    romdata   0x004c9d    program   0x000000
        .romdata_output.o    romdata   0x004c9d    program   0x000000
           .romdata_lcd.o    romdata   0x004c9d    program   0x000000
         .romdata_timer.o    romdata   0x004c9d    program   0x000000
      .romdata_fxd0808u.o    romdata   0x004c9d    program   0x000000
          .romdata_main.o    romdata   0x004c9d    program   0x000000
      .romdata_fxd1616u.o    romdata   0x004c9d    program   0x000000
     .romdata_interrupt.o    romdata   0x004c9d    program   0x000000
        .romdata_button.o    romdata   0x004c9d    program   0x000000
      .romdata_fxd2424u.o    romdata   0x004c9d    program   0x000000
          .romdata_uart.o    romdata   0x004c9d    program   0x000000
      .romdata_fxd3232u.o    romdata   0x004c9d    program   0x000000
          .idata_uart.o_i    romdata   0x004c9d    program   0x000000
       .romdata_fxm3232.o    romdata   0x004c9d    program   0x000000
        .romdata___init.o    romdata   0x004c9d    program   0x000000
         .romdata_c018i.o    romdata   0x004c9d    program   0x000000
             .code_uart.o       code   0x004c9e    program   0x000152
 .code_simulate_machine.o       code   0x004df0    program   0x000132
                     PROG       code   0x004f22    program   0x0000da
               _cinit_scn       code   0x004ffc    program   0x00009e
              .code_adc.o       code   0x00509a    program   0x000090
          .code_fxm3232.o       code   0x00512a    program   0x000070
         .code_fxd3232u.o       code   0x00519a    program   0x000048
         .code_fxd2424u.o       code   0x0051e2    program   0x00003a
              .code_pwm.o       code   0x00521c    program   0x000038
         .code_fxd1616u.o       code   0x005254    program   0x00002c
                    .code       code   0x005280    program   0x000020
             _startup_scn       code   0x0052a0    program   0x00001c
         .code_fxd0808u.o       code   0x0052bc    program   0x00001c
         .idata_timer.o_i    romdata   0x0052d8    program   0x000020
.idata_simulate_machine.o_i    romdata   0x0052f8    program   0x000013
        .idata_output.o_i    romdata   0x00530b    program   0x000012
           .idata_lcd.o_i    romdata   0x00531d    program   0x000061
        .idata_global.o_i    romdata   0x00537e    program   0x00003d
        .idata_button.o_i    romdata   0x0053bb    program   0x000038
    .config_300001_main.o    romdata   0x300001    program   0x000001
    .config_300002_main.o    romdata   0x300002    program   0x000001
    .config_300003_main.o    romdata   0x300003    program   0x000001
    .config_300005_main.o    romdata   0x300005    program   0x000001
    .config_300006_main.o    romdata   0x300006    program   0x000001
    .config_300008_main.o    romdata   0x300008    program   0x000001
    .config_300009_main.o    romdata   0x300009    program   0x000001
    .config_30000a_main.o    romdata   0x30000a    program   0x000001
    .config_30000b_main.o    romdata   0x30000b    program   0x000001
    .config_30000c_main.o    romdata   0x30000c    program   0x000001
    .config_30000d_main.o    romdata   0x30000d    program   0x000001
                MATH_DATA      udata   0x000000       data   0x000010
                 .tmpdata      udata   0x000010       data   0x00000a
.udata_simulate_machine.o      udata   0x000080       data   0x000065
             .udata_adc.o      udata   0x0000e5       data   0x00001a
             .udata_pwm.o      udata   0x0000ff       data   0x000001
          .idata_global.o      idata   0x000100       data   0x00003d
          .idata_button.o      idata   0x00013d       data   0x000038
           .idata_timer.o      idata   0x000175       data   0x000020
          .idata_output.o      idata   0x000195       data   0x000012
          .udata_global.o      udata   0x0001a7       data   0x000008
             .udata_lcd.o      udata   0x0001af       data   0x000004
       .idata_interrupt.o      idata   0x0001b3       data   0x000004
          .udata_output.o      udata   0x0001b7       data   0x000000
         .udata_traffic.o      udata   0x0001b7       data   0x000000
         .idata_traffic.o      idata   0x0001b7       data   0x000000
        .idata_fxd3232u.o      idata   0x0001b7       data   0x000000
        .udata_fxd0808u.o      udata   0x0001b7       data   0x000000
        .idata_fxd0808u.o      idata   0x0001b7       data   0x000000
        .udata_fxd1616u.o      udata   0x0001b7       data   0x000000
        .idata_fxd1616u.o      idata   0x0001b7       data   0x000000
        .udata_fxd2424u.o      udata   0x0001b7       data   0x000000
        .idata_fxd2424u.o      idata   0x0001b7       data   0x000000
        .udata_fxd3232u.o      udata   0x0001b7       data   0x000000
         .udata_fxm3232.o      udata   0x0001b7       data   0x000000
         .idata_fxm3232.o      idata   0x0001b7       data   0x000000
          .udata___init.o      udata   0x0001b7       data   0x000000
             .idata_adc.o      idata   0x0001b7       data   0x000000
          .idata___init.o      idata   0x0001b7       data   0x000000
             .udata_i2c.o      udata   0x0001b7       data   0x000000
           .udata_timer.o      udata   0x0001b7       data   0x000000
       .udata_interrupt.o      udata   0x0001b7       data   0x000000
          .udata_button.o      udata   0x0001b7       data   0x000000
            .idata_main.o      idata   0x0001b7       data   0x000000
            .udata_main.o      udata   0x0001b7       data   0x000000
            .idata_uart.o      idata   0x0001b7       data   0x000000
            .udata_uart.o      udata   0x0001b7       data   0x000000
           .idata_c018i.o      idata   0x0001b7       data   0x000000
                   .stack      udata   0x000e00       data   0x000100
             .idata_lcd.o      idata   0x000f00       data   0x000061
.idata_simulate_machine.o      idata   0x000f61       data   0x000013
           .udata_c018i.o      udata   0x000f74       data   0x00000a
             .idata_pwm.o      idata   0x000f7e       data   0x000001
             .idata_i2c.o      idata   0x000f7f       data   0x000001
            SFR_UNBANKED0      udata   0x000f80       data   0x000080



                              Program Memory Usage 
                               Start         End      
                           ---------   ---------      
                            0x000000    0x000012      
                            0x000018    0x0053f2      
                            0x300001    0x300003      
                            0x300005    0x300006      
                            0x300008    0x30000d      
            21497 out of 66584 program addresses used, program memory utilization is 32%



                              Symbols - Sorted by Name
                     Name    Address   Location    Storage File                     
                ---------  ---------  ---------  --------- ---------                
          AppTrafficLight   0x00008c    program     extern D:\KHOINGUYEN\HK221\DATKLL\Do-An\Do-An\traffic\traffic.c
                  BCD2Dec   0x004710    program     extern D:\KHOINGUYEN\HK221\DATKLL\Do-An\Do-An\i2c\i2c.c
               BaiTap_I2C   0x0040ee    program     extern D:\KHOINGUYEN\HK221\DATKLL\Do-An\Do-An\main.c
            CheckPassword   0x004150    program     extern D:\KHOINGUYEN\HK221\DATKLL\Do-An\Do-An\main.c
              CloseOutput   0x00385a    program     extern D:\KHOINGUYEN\HK221\DATKLL\Do-An\Do-An\output\output.c
             CloseOutputA   0x0038aa    program     extern D:\KHOINGUYEN\HK221\DATKLL\Do-An\Do-An\output\output.c
             CloseOutputE   0x0038fa    program     extern D:\KHOINGUYEN\HK221\DATKLL\Do-An\Do-An\output\output.c
                   D0808S   0x004f38    program     static E:\3.46\pic18-lt\cxx-framework\src\traditional\math\fxd0808s.asm
                D0808SNEG   0x004f46    program     static E:\3.46\pic18-lt\cxx-framework\src\traditional\math\fxd0808s.asm
                 D0808SOK   0x004f42    program     static E:\3.46\pic18-lt\cxx-framework\src\traditional\math\fxd0808s.asm
                  D0808SX   0x004f4c    program     static E:\3.46\pic18-lt\cxx-framework\src\traditional\math\fxd0808s.asm
                   D1616S   0x004f78    program     static E:\3.46\pic18-lt\cxx-framework\src\traditional\math\fxd1616s.asm
                D1616SNEG   0x004f86    program     static E:\3.46\pic18-lt\cxx-framework\src\traditional\math\fxd1616s.asm
                 D1616SOK   0x004f82    program     static E:\3.46\pic18-lt\cxx-framework\src\traditional\math\fxd1616s.asm
                  D1616SX   0x004f98    program     static E:\3.46\pic18-lt\cxx-framework\src\traditional\math\fxd1616s.asm
                   D2424S   0x004fcc    program     static E:\3.46\pic18-lt\cxx-framework\src\traditional\math\fxd2424s.asm
                D2424SNEG   0x004fda    program     static E:\3.46\pic18-lt\cxx-framework\src\traditional\math\fxd2424s.asm
                 D2424SOK   0x004fd6    program     static E:\3.46\pic18-lt\cxx-framework\src\traditional\math\fxd2424s.asm
                  D2424SX   0x004ff2    program     static E:\3.46\pic18-lt\cxx-framework\src\traditional\math\fxd2424s.asm
                  DA0808S   0x004f2e    program     static E:\3.46\pic18-lt\cxx-framework\src\traditional\math\fxd0808s.asm
                  DA1616S   0x004f68    program     static E:\3.46\pic18-lt\cxx-framework\src\traditional\math\fxd1616s.asm
                  DA2424S   0x004fb8    program     static E:\3.46\pic18-lt\cxx-framework\src\traditional\math\fxd2424s.asm
                  Dec2BCD   0x00474e    program     extern D:\KHOINGUYEN\HK221\DATKLL\Do-An\Do-An\i2c\i2c.c
       DisplayDataReceive   0x004e86    program     extern D:\KHOINGUYEN\HK221\DATKLL\Do-An\Do-An\simulate_machine\simulate_machine.c
         DisplayLcdScreen   0x00279e    program     extern D:\KHOINGUYEN\HK221\DATKLL\Do-An\Do-An\lcd\lcd.c
        DisplayLcdScreen2   0x002896    program     extern D:\KHOINGUYEN\HK221\DATKLL\Do-An\Do-An\lcd\lcd.c
      DisplayLcdScreenOld   0x00291c    program     extern D:\KHOINGUYEN\HK221\DATKLL\Do-An\Do-An\lcd\lcd.c
              DisplayTime   0x003dea    program     extern D:\KHOINGUYEN\HK221\DATKLL\Do-An\Do-An\main.c
                 FXD0808S   0x004f22    program     extern E:\3.46\pic18-lt\cxx-framework\src\traditional\math\fxd0808s.asm
                 FXD0808U   0x0052bc    program     extern E:\3.46\pic18-lt\cxx-framework\src\traditional\math\fxd0808u.c
                 FXD1616S   0x004f56    program     extern E:\3.46\pic18-lt\cxx-framework\src\traditional\math\fxd1616s.asm
                 FXD1616U   0x005254    program     extern E:\3.46\pic18-lt\cxx-framework\src\traditional\math\fxd1616u.c
                 FXD2424S   0x004fa2    program     extern E:\3.46\pic18-lt\cxx-framework\src\traditional\math\fxd2424s.asm
                 FXD2424U   0x0051e2    program     extern E:\3.46\pic18-lt\cxx-framework\src\traditional\math\fxd2424u.c
                 FXD3232U   0x00519a    program     extern E:\3.46\pic18-lt\cxx-framework\src\traditional\math\fxd3232u.c
                  FXM3232   0x00512a    program     extern E:\3.46\pic18-lt\cxx-framework\src\traditional\math\fxm3232.c
      Init_enter_password   0x002d00    program     extern D:\KHOINGUYEN\HK221\DATKLL\Do-An\Do-An\lcd\lcd.c
                Init_flag   0x002c9e    program     extern D:\KHOINGUYEN\HK221\DATKLL\Do-An\Do-An\lcd\lcd.c
      InterruptVectorHigh   0x000008    program     extern D:\KHOINGUYEN\HK221\DATKLL\Do-An\Do-An\interrupt\interrupt.c
       InterruptVectorLow   0x000018    program     extern D:\KHOINGUYEN\HK221\DATKLL\Do-An\Do-An\interrupt\interrupt.c
                LcdClearS   0x002740    program     extern D:\KHOINGUYEN\HK221\DATKLL\Do-An\Do-An\lcd\lcd.c
            LcdPrintCharS   0x002986    program     extern D:\KHOINGUYEN\HK221\DATKLL\Do-An\Do-An\lcd\lcd.c
              LcdPrintNum   0x00267e    program     extern D:\KHOINGUYEN\HK221\DATKLL\Do-An\Do-An\lcd\lcd.c
             LcdPrintNumS   0x0029fa    program     extern D:\KHOINGUYEN\HK221\DATKLL\Do-An\Do-An\lcd\lcd.c
           LcdPrintString   0x0026c6    program     extern D:\KHOINGUYEN\HK221\DATKLL\Do-An\Do-An\lcd\lcd.c
          LcdPrintStringS   0x002c48    program     extern D:\KHOINGUYEN\HK221\DATKLL\Do-An\Do-An\lcd\lcd.c
               OpenOutput   0x00380a    program     extern D:\KHOINGUYEN\HK221\DATKLL\Do-An\Do-An\output\output.c
              OpenOutputA   0x00376a    program     extern D:\KHOINGUYEN\HK221\DATKLL\Do-An\Do-An\output\output.c
              OpenOutputE   0x0037ba    program     extern D:\KHOINGUYEN\HK221\DATKLL\Do-An\Do-An\output\output.c
          Phase1_GreenOff   0x0039d6    program     extern D:\KHOINGUYEN\HK221\DATKLL\Do-An\Do-An\output\output.c
           Phase1_GreenOn   0x0039c8    program     extern D:\KHOINGUYEN\HK221\DATKLL\Do-An\Do-An\output\output.c
            Phase1_RedOff   0x003a0e    program     extern D:\KHOINGUYEN\HK221\DATKLL\Do-An\Do-An\output\output.c
             Phase1_RedOn   0x003a00    program     extern D:\KHOINGUYEN\HK221\DATKLL\Do-An\Do-An\output\output.c
         Phase1_YellowOff   0x0039f2    program     extern D:\KHOINGUYEN\HK221\DATKLL\Do-An\Do-An\output\output.c
          Phase1_YellowOn   0x0039e4    program     extern D:\KHOINGUYEN\HK221\DATKLL\Do-An\Do-An\output\output.c
          Phase2_GreenOff   0x003a2a    program     extern D:\KHOINGUYEN\HK221\DATKLL\Do-An\Do-An\output\output.c
           Phase2_GreenOn   0x003a1c    program     extern D:\KHOINGUYEN\HK221\DATKLL\Do-An\Do-An\output\output.c
            Phase2_RedOff   0x003a62    program     extern D:\KHOINGUYEN\HK221\DATKLL\Do-An\Do-An\output\output.c
             Phase2_RedOn   0x003a54    program     extern D:\KHOINGUYEN\HK221\DATKLL\Do-An\Do-An\output\output.c
         Phase2_YellowOff   0x003a46    program     extern D:\KHOINGUYEN\HK221\DATKLL\Do-An\Do-An\output\output.c
          Phase2_YellowOn   0x003a38    program     extern D:\KHOINGUYEN\HK221\DATKLL\Do-An\Do-An\output\output.c
             SetTimer0_ms   0x004670    program     extern D:\KHOINGUYEN\HK221\DATKLL\Do-An\Do-An\timer\timer.c
             SetTimer1_ms   0x004694    program     extern D:\KHOINGUYEN\HK221\DATKLL\Do-An\Do-An\timer\timer.c
             SetTimer3_ms   0x0046d2    program     extern D:\KHOINGUYEN\HK221\DATKLL\Do-An\Do-An\timer\timer.c
     SetupTimeForRealTime   0x003d52    program     extern D:\KHOINGUYEN\HK221\DATKLL\Do-An\Do-An\main.c
         SimulatedataSend   0x004e84    program     extern D:\KHOINGUYEN\HK221\DATKLL\Do-An\Do-An\simulate_machine\simulate_machine.c
               TestOutput   0x00394a    program     extern D:\KHOINGUYEN\HK221\DATKLL\Do-An\Do-An\output\output.c
           UartSendString   0x004da0    program     extern D:\KHOINGUYEN\HK221\DATKLL\Do-An\Do-An\uart\uart.c
       ___return_lbl00000   0x00527e    program     static                          
       ___return_lbl00000   0x00521a    program     static                          
       ___return_lbl00000   0x0051e0    program     static                          
       ___return_lbl00000   0x000004    program     static                          
       ___return_lbl00000   0x005198    program     static                          
       ___return_lbl00000   0x0052d6    program     static                          
       ___return_lbl00001   0x0052ba    program     static                          
       ___return_lbl00002   0x005098    program     static                          
       ___return_lbl00002   0x00001c    program     static                          
       ___return_lbl00003   0x00000c    program     static                          
               __config_0   0x300001    program     static D:\KHOINGUYEN\HK221\DATKLL\Do-An\Do-An\main.c
               __config_1   0x300002    program     static D:\KHOINGUYEN\HK221\DATKLL\Do-An\Do-An\main.c
              __config_10   0x30000d    program     static D:\KHOINGUYEN\HK221\DATKLL\Do-An\Do-An\main.c
               __config_2   0x300003    program     static D:\KHOINGUYEN\HK221\DATKLL\Do-An\Do-An\main.c
               __config_3   0x300005    program     static D:\KHOINGUYEN\HK221\DATKLL\Do-An\Do-An\main.c
               __config_4   0x300006    program     static D:\KHOINGUYEN\HK221\DATKLL\Do-An\Do-An\main.c
               __config_5   0x300008    program     static D:\KHOINGUYEN\HK221\DATKLL\Do-An\Do-An\main.c
               __config_6   0x300009    program     static D:\KHOINGUYEN\HK221\DATKLL\Do-An\Do-An\main.c
               __config_7   0x30000a    program     static D:\KHOINGUYEN\HK221\DATKLL\Do-An\Do-An\main.c
               __config_8   0x30000b    program     static D:\KHOINGUYEN\HK221\DATKLL\Do-An\Do-An\main.c
               __config_9   0x30000c    program     static D:\KHOINGUYEN\HK221\DATKLL\Do-An\Do-An\main.c
                   __init   0x000006    program     extern E:\3.46\pic18-lt\cxx-framework\src\traditional\stdclib\__init.c
               __string_0   0x004b7f    program     static D:\KHOINGUYEN\HK221\DATKLL\Do-An\Do-An\lcd\lcd.c
               __string_0   0x004b85    program     static D:\KHOINGUYEN\HK221\DATKLL\Do-An\Do-An\simulate_machine\simulate_machine.c
               __string_0   0x004c8e    program     static D:\KHOINGUYEN\HK221\DATKLL\Do-An\Do-An\traffic\traffic.c
               __string_0   0x004b46    program     static D:\KHOINGUYEN\HK221\DATKLL\Do-An\Do-An\main.c
               __string_1   0x004c89    program     static D:\KHOINGUYEN\HK221\DATKLL\Do-An\Do-An\traffic\traffic.c
               __string_1   0x004b44    program     static D:\KHOINGUYEN\HK221\DATKLL\Do-An\Do-An\main.c
               __string_1   0x004b79    program     static D:\KHOINGUYEN\HK221\DATKLL\Do-An\Do-An\lcd\lcd.c
              __string_10   0x004c5b    program     static D:\KHOINGUYEN\HK221\DATKLL\Do-An\Do-An\traffic\traffic.c
              __string_11   0x004c4d    program     static D:\KHOINGUYEN\HK221\DATKLL\Do-An\Do-An\traffic\traffic.c
              __string_12   0x004c45    program     static D:\KHOINGUYEN\HK221\DATKLL\Do-An\Do-An\traffic\traffic.c
              __string_13   0x004c36    program     static D:\KHOINGUYEN\HK221\DATKLL\Do-An\Do-An\traffic\traffic.c
              __string_14   0x004c30    program     static D:\KHOINGUYEN\HK221\DATKLL\Do-An\Do-An\traffic\traffic.c
              __string_15   0x004c22    program     static D:\KHOINGUYEN\HK221\DATKLL\Do-An\Do-An\traffic\traffic.c
              __string_16   0x004c13    program     static D:\KHOINGUYEN\HK221\DATKLL\Do-An\Do-An\traffic\traffic.c
              __string_17   0x004c02    program     static D:\KHOINGUYEN\HK221\DATKLL\Do-An\Do-An\traffic\traffic.c
              __string_18   0x004bf4    program     static D:\KHOINGUYEN\HK221\DATKLL\Do-An\Do-An\traffic\traffic.c
              __string_19   0x004be8    program     static D:\KHOINGUYEN\HK221\DATKLL\Do-An\Do-An\traffic\traffic.c
               __string_2   0x004c87    program     static D:\KHOINGUYEN\HK221\DATKLL\Do-An\Do-An\traffic\traffic.c
               __string_2   0x004b72    program     static D:\KHOINGUYEN\HK221\DATKLL\Do-An\Do-An\lcd\lcd.c
              __string_20   0x004bd9    program     static D:\KHOINGUYEN\HK221\DATKLL\Do-An\Do-An\traffic\traffic.c
              __string_21   0x004bcd    program     static D:\KHOINGUYEN\HK221\DATKLL\Do-An\Do-An\traffic\traffic.c
              __string_22   0x004bbf    program     static D:\KHOINGUYEN\HK221\DATKLL\Do-An\Do-An\traffic\traffic.c
              __string_23   0x004bb0    program     static D:\KHOINGUYEN\HK221\DATKLL\Do-An\Do-An\traffic\traffic.c
              __string_24   0x004ba6    program     static D:\KHOINGUYEN\HK221\DATKLL\Do-An\Do-An\traffic\traffic.c
              __string_25   0x004b96    program     static D:\KHOINGUYEN\HK221\DATKLL\Do-An\Do-An\traffic\traffic.c
               __string_3   0x004b6a    program     static D:\KHOINGUYEN\HK221\DATKLL\Do-An\Do-An\lcd\lcd.c
               __string_3   0x004c83    program     static D:\KHOINGUYEN\HK221\DATKLL\Do-An\Do-An\traffic\traffic.c
               __string_4   0x004b59    program     static D:\KHOINGUYEN\HK221\DATKLL\Do-An\Do-An\lcd\lcd.c
               __string_4   0x004c80    program     static D:\KHOINGUYEN\HK221\DATKLL\Do-An\Do-An\traffic\traffic.c
               __string_5   0x004b48    program     static D:\KHOINGUYEN\HK221\DATKLL\Do-An\Do-An\lcd\lcd.c
               __string_5   0x004c7d    program     static D:\KHOINGUYEN\HK221\DATKLL\Do-An\Do-An\traffic\traffic.c
               __string_6   0x004c79    program     static D:\KHOINGUYEN\HK221\DATKLL\Do-An\Do-An\traffic\traffic.c
               __string_7   0x004c77    program     static D:\KHOINGUYEN\HK221\DATKLL\Do-An\Do-An\traffic\traffic.c
               __string_8   0x004c72    program     static D:\KHOINGUYEN\HK221\DATKLL\Do-An\Do-An\traffic\traffic.c
               __string_9   0x004c63    program     static D:\KHOINGUYEN\HK221\DATKLL\Do-An\Do-An\traffic\traffic.c
              __tmplbl_39   0x001c18    program     static                          
              __tmplbl_40   0x0019ee    program     static                          
              __tmplbl_41   0x0018c4    program     static                          
              __tmplbl_42   0x001606    program     static                          
              __tmplbl_43   0x00132e    program     static                          
              __tmplbl_44   0x001072    program     static                          
              __tmplbl_45   0x000da0    program     static                          
              __tmplbl_46   0x000d2a    program     static                          
              __tmplbl_47   0x000b7e    program     static                          
              __tmplbl_48   0x000956    program     static                          
              __tmplbl_55   0x001e4a    program     static                          
              __tmplbl_56   0x001e4a    program     static                          
              __tmplbl_57   0x001e4a    program     static                          
              __tmplbl_58   0x001e4a    program     static                          
              __tmplbl_59   0x000d98    program     static                          
              __tmplbl_60   0x000d98    program     static                          
              __tmplbl_61   0x001e48    program     static                          
              __tmplbl_62   0x001e4a    program     static                          
              __tmplbl_63   0x001e4a    program     static                          
              __tmplbl_64   0x0018be    program     static                          
              __tmplbl_65   0x001e4a    program     static                          
              __tmplbl_66   0x001e4a    program     static                          
              __tmplbl_67   0x001e4a    program     static                          
              __tmplbl_68   0x001e4a    program     static                          
              __tmplbl_69   0x001e4a    program     static                          
              __tmplbl_70   0x001e4a    program     static                          
              __tmplbl_71   0x001e4a    program     static                          
              __tmplbl_72   0x001e4a    program     static                          
              __tmplbl_73   0x001e4a    program     static                          
              __tmplbl_74   0x001e4a    program     static                          
              __tmplbl_75   0x001e4a    program     static                          
              __tmplbl_76   0x001e4a    program     static                          
              __tmplbl_77   0x001e4a    program     static                          
              __tmplbl_80   0x001e4a    program     static                          
              __tmplbl_81   0x001e48    program     static                          
              __tmplbl_84   0x001e4a    program     static                          
              __tmplbl_85   0x001e44    program     static                          
              __tmplbl_88   0x001e4a    program     static                          
              __tmplbl_89   0x001e48    program     static                          
            __zero_memory   0x005280    program     extern E:\3.46\pic18-lt\cxx-framework\src\traditional\proc\p18f4620.asm
                _do_cinit   0x004ffc    program     extern E:\3.46\pic18-lt\cxx-framework\src\traditional\startup\c018i.c
                   _entry   0x000000    program     extern E:\3.46\pic18-lt\cxx-framework\src\traditional\startup\c018i.c
                   _false   0x0051dc    program     static                          
                   _false   0x005216    program     static                          
                 _startup   0x0052a0    program     extern E:\3.46\pic18-lt\cxx-framework\src\traditional\startup\c018i.c
          button_delay_ms   0x003324    program     extern D:\KHOINGUYEN\HK221\DATKLL\Do-An\Do-An\button_matrix\button.c
             clear_screen   0x002d24    program     extern D:\KHOINGUYEN\HK221\DATKLL\Do-An\Do-An\lcd\lcd.c
                compare_l   0x005296    program     static E:\3.46\pic18-lt\cxx-framework\src\traditional\proc\p18f4620.asm
                copy_loop   0x00506e    program     static                          
            copy_one_byte   0x005074    program     static                          
                delay_i2c   0x0047aa    program     extern D:\KHOINGUYEN\HK221\DATKLL\Do-An\Do-An\i2c\i2c.c
                 delay_ms   0x0036d4    program     extern D:\KHOINGUYEN\HK221\DATKLL\Do-An\Do-An\output\output.c
                     done   0x005098    program     static                          
             done_copying   0x005082    program     static                          
                  endloop   0x0052d2    program     static                          
                  endloop   0x00527a    program     static                          
            get_adc_value   0x0050ac    program     extern D:\KHOINGUYEN\HK221\DATKLL\Do-An\Do-An\adc\adc.c
                 high_isr   0x004a5c    program     extern D:\KHOINGUYEN\HK221\DATKLL\Do-An\Do-An\interrupt\interrupt.c
            i2c_read_byte   0x004862    program     extern D:\KHOINGUYEN\HK221\DATKLL\Do-An\Do-An\i2c\i2c.c
           i2c_start_cond   0x0047d2    program     extern D:\KHOINGUYEN\HK221\DATKLL\Do-An\Do-An\i2c\i2c.c
            i2c_stop_cond   0x0047e6    program     extern D:\KHOINGUYEN\HK221\DATKLL\Do-An\Do-An\i2c\i2c.c
           i2c_write_byte   0x0047f2    program     extern D:\KHOINGUYEN\HK221\DATKLL\Do-An\Do-An\i2c\i2c.c
                 init_adc   0x00509a    program     extern D:\KHOINGUYEN\HK221\DATKLL\Do-An\Do-An\adc\adc.c
            init_ext_int0   0x004958    program     extern D:\KHOINGUYEN\HK221\DATKLL\Do-An\Do-An\interrupt\interrupt.c
                 init_i2c   0x0047a4    program     extern D:\KHOINGUYEN\HK221\DATKLL\Do-An\Do-An\i2c\i2c.c
           init_interrupt   0x004950    program     extern D:\KHOINGUYEN\HK221\DATKLL\Do-An\Do-An\interrupt\interrupt.c
          init_key_matrix   0x002dd2    program     extern D:\KHOINGUYEN\HK221\DATKLL\Do-An\Do-An\button_matrix\button.c
init_key_matrix_new_board   0x003572    program     extern D:\KHOINGUYEN\HK221\DATKLL\Do-An\Do-An\button_matrix\button.c
init_key_matrix_with_uart_i2c   0x002dda    program     extern D:\KHOINGUYEN\HK221\DATKLL\Do-An\Do-An\button_matrix\button.c
              init_output   0x00375c    program     extern D:\KHOINGUYEN\HK221\DATKLL\Do-An\Do-An\output\output.c
                 init_pwm   0x00521c    program     extern D:\KHOINGUYEN\HK221\DATKLL\Do-An\Do-An\pwm\pwm.c
              init_system   0x003cea    program     extern D:\KHOINGUYEN\HK221\DATKLL\Do-An\Do-An\main.c
              init_timer0   0x0041f4    program     extern D:\KHOINGUYEN\HK221\DATKLL\Do-An\Do-An\timer\timer.c
              init_timer1   0x004338    program     extern D:\KHOINGUYEN\HK221\DATKLL\Do-An\Do-An\timer\timer.c
              init_timer2   0x004482    program     extern D:\KHOINGUYEN\HK221\DATKLL\Do-An\Do-An\timer\timer.c
              init_timer3   0x0044ba    program     extern D:\KHOINGUYEN\HK221\DATKLL\Do-An\Do-An\timer\timer.c
                init_uart   0x004c9e    program     extern D:\KHOINGUYEN\HK221\DATKLL\Do-An\Do-An\uart\uart.c
           isButtonNumber   0x003682    program     extern D:\KHOINGUYEN\HK221\DATKLL\Do-An\Do-An\button_matrix\button.c
   isConfirmButtonPressed   0x0035f2    program     extern D:\KHOINGUYEN\HK221\DATKLL\Do-An\Do-An\button_matrix\button.c
       isDelButtonPressed   0x00365e    program     extern D:\KHOINGUYEN\HK221\DATKLL\Do-An\Do-An\button_matrix\button.c
    isManualButtonPressed   0x0035aa    program     extern D:\KHOINGUYEN\HK221\DATKLL\Do-An\Do-An\button_matrix\button.c
    isPedesButtonPressed1   0x003616    program     extern D:\KHOINGUYEN\HK221\DATKLL\Do-An\Do-An\button_matrix\button.c
    isPedesButtonPressed2   0x00363a    program     extern D:\KHOINGUYEN\HK221\DATKLL\Do-An\Do-An\button_matrix\button.c
   isSetTimeButtonPressed   0x003586    program     extern D:\KHOINGUYEN\HK221\DATKLL\Do-An\Do-An\button_matrix\button.c
      isSlowButtonPressed   0x0035ce    program     extern D:\KHOINGUYEN\HK221\DATKLL\Do-An\Do-An\button_matrix\button.c
                lcd_clear   0x002352    program     extern D:\KHOINGUYEN\HK221\DATKLL\Do-An\Do-An\lcd\lcd.c
                lcd_delay   0x001e5e    program     extern D:\KHOINGUYEN\HK221\DATKLL\Do-An\Do-An\lcd\lcd.c
                 lcd_init   0x001ffe    program     extern D:\KHOINGUYEN\HK221\DATKLL\Do-An\Do-An\lcd\lcd.c
             lcd_power_of   0x002366    program     extern D:\KHOINGUYEN\HK221\DATKLL\Do-An\Do-An\lcd\lcd.c
           lcd_print_char   0x0022be    program     extern D:\KHOINGUYEN\HK221\DATKLL\Do-An\Do-An\lcd\lcd.c
          lcd_print_charS   0x0026fa    program     extern D:\KHOINGUYEN\HK221\DATKLL\Do-An\Do-An\lcd\lcd.c
            lcd_print_num   0x002448    program     extern D:\KHOINGUYEN\HK221\DATKLL\Do-An\Do-An\lcd\lcd.c
            lcd_print_str   0x0022d8    program     extern D:\KHOINGUYEN\HK221\DATKLL\Do-An\Do-An\lcd\lcd.c
              lcd_putchar   0x0022a4    program     extern D:\KHOINGUYEN\HK221\DATKLL\Do-An\Do-An\lcd\lcd.c
          lcd_read_status   0x00210e    program     extern D:\KHOINGUYEN\HK221\DATKLL\Do-An\Do-An\lcd\lcd.c
          lcd_sendCommand   0x001f7e    program     extern D:\KHOINGUYEN\HK221\DATKLL\Do-An\Do-An\lcd\lcd.c
           lcd_set_cursor   0x002318    program     extern D:\KHOINGUYEN\HK221\DATKLL\Do-An\Do-An\lcd\lcd.c
            lcd_wait_busy   0x0021c4    program     extern D:\KHOINGUYEN\HK221\DATKLL\Do-An\Do-An\lcd\lcd.c
          lcd_write_4bits   0x0021e4    program     extern D:\KHOINGUYEN\HK221\DATKLL\Do-An\Do-An\lcd\lcd.c
            lcd_write_cmd   0x00222a    program     extern D:\KHOINGUYEN\HK221\DATKLL\Do-An\Do-An\lcd\lcd.c
           lcd_write_data   0x002266    program     extern D:\KHOINGUYEN\HK221\DATKLL\Do-An\Do-An\lcd\lcd.c
                     loop   0x00525e    program     static                          
                     loop   0x0052c4    program     static                          
                     loop   0x0051ee    program     static                          
                     loop   0x0051a8    program     static                          
                     loop   0x0052b0    program     static                          
                   loop_h   0x00528e    program     static E:\3.46\pic18-lt\cxx-framework\src\traditional\proc\p18f4620.asm
                   loop_l   0x005298    program     static E:\3.46\pic18-lt\cxx-framework\src\traditional\proc\p18f4620.asm
                  low_isr   0x004960    program     extern D:\KHOINGUYEN\HK221\DATKLL\Do-An\Do-An\interrupt\interrupt.c
                     main   0x003ca8    program     extern D:\KHOINGUYEN\HK221\DATKLL\Do-An\Do-An\main.c
              read_ds1307   0x004906    program     extern D:\KHOINGUYEN\HK221\DATKLL\Do-An\Do-An\i2c\i2c.c
             read_sda_pin   0x0047cc    program     extern D:\KHOINGUYEN\HK221\DATKLL\Do-An\Do-An\i2c\i2c.c
          scan_key_matrix   0x002dea    program     extern D:\KHOINGUYEN\HK221\DATKLL\Do-An\Do-An\button_matrix\button.c
   scan_key_matrix_1_line   0x0030a8    program     extern D:\KHOINGUYEN\HK221\DATKLL\Do-An\Do-An\button_matrix\button.c
     scan_key_matrix_demo   0x0033ac    program     extern D:\KHOINGUYEN\HK221\DATKLL\Do-An\Do-An\button_matrix\button.c
scan_key_matrix_new_board   0x0034d2    program     extern D:\KHOINGUYEN\HK221\DATKLL\Do-An\Do-An\button_matrix\button.c
scan_key_matrix_with_uart   0x002f48    program     extern D:\KHOINGUYEN\HK221\DATKLL\Do-An\Do-An\button_matrix\button.c
scan_key_matrix_with_uart_i2c   0x0031dc    program     extern D:\KHOINGUYEN\HK221\DATKLL\Do-An\Do-An\button_matrix\button.c
             setLedPhase1   0x003b82    program     extern D:\KHOINGUYEN\HK221\DATKLL\Do-An\Do-An\output\output.c
             setLedPhase2   0x003c9e    program     extern D:\KHOINGUYEN\HK221\DATKLL\Do-An\Do-An\output\output.c
             set_DC_speed   0x00523e    program     extern D:\KHOINGUYEN\HK221\DATKLL\Do-An\Do-An\pwm\pwm.c
             shiftOutLed1   0x003a70    program     extern D:\KHOINGUYEN\HK221\DATKLL\Do-An\Do-An\output\output.c
             shiftOutLed2   0x003b8c    program     extern D:\KHOINGUYEN\HK221\DATKLL\Do-An\Do-An\output\output.c
            showLedPhase1   0x003b24    program     extern D:\KHOINGUYEN\HK221\DATKLL\Do-An\Do-An\output\output.c
            showLedPhase2   0x003c40    program     extern D:\KHOINGUYEN\HK221\DATKLL\Do-An\Do-An\output\output.c
             start_timer0   0x0042ac    program     extern D:\KHOINGUYEN\HK221\DATKLL\Do-An\Do-An\timer\timer.c
             start_timer1   0x0043f2    program     extern D:\KHOINGUYEN\HK221\DATKLL\Do-An\Do-An\timer\timer.c
             start_timer2   0x0044ae    program     extern D:\KHOINGUYEN\HK221\DATKLL\Do-An\Do-An\timer\timer.c
             start_timer3   0x004570    program     extern D:\KHOINGUYEN\HK221\DATKLL\Do-An\Do-An\timer\timer.c
              stop_timer0   0x0042a8    program     extern D:\KHOINGUYEN\HK221\DATKLL\Do-An\Do-An\timer\timer.c
              stop_timer1   0x00447e    program     extern D:\KHOINGUYEN\HK221\DATKLL\Do-An\Do-An\timer\timer.c
              stop_timer2   0x0044b6    program     extern D:\KHOINGUYEN\HK221\DATKLL\Do-An\Do-An\timer\timer.c
              stop_timer3   0x0045fc    program     extern D:\KHOINGUYEN\HK221\DATKLL\Do-An\Do-An\timer\timer.c
                     test   0x005016    program     static                          
               timer0_isr   0x004600    program     extern D:\KHOINGUYEN\HK221\DATKLL\Do-An\Do-An\timer\timer.c
               timer1_isr   0x00461c    program     extern D:\KHOINGUYEN\HK221\DATKLL\Do-An\Do-An\timer\timer.c
               timer2_isr   0x004638    program     extern D:\KHOINGUYEN\HK221\DATKLL\Do-An\Do-An\timer\timer.c
               timer3_isr   0x004654    program     extern D:\KHOINGUYEN\HK221\DATKLL\Do-An\Do-An\timer\timer.c
            uart_delay_ms   0x004cbc    program     extern D:\KHOINGUYEN\HK221\DATKLL\Do-An\Do-An\uart\uart.c
                 uart_isr   0x004dec    program     extern D:\KHOINGUYEN\HK221\DATKLL\Do-An\Do-An\uart\uart.c
uart_isr_simulate_machine   0x004df0    program     extern D:\KHOINGUYEN\HK221\DATKLL\Do-An\Do-An\simulate_machine\simulate_machine.c
             uart_putchar   0x004d44    program     extern D:\KHOINGUYEN\HK221\DATKLL\Do-An\Do-An\uart\uart.c
            uart_send_str   0x004d60    program     extern D:\KHOINGUYEN\HK221\DATKLL\Do-An\Do-An\uart\uart.c
                 v_timer0   0x001eee    program     extern D:\KHOINGUYEN\HK221\DATKLL\Do-An\Do-An\lcd\lcd.c
             write_ds1307   0x0048d0    program     extern D:\KHOINGUYEN\HK221\DATKLL\Do-An\Do-An\i2c\i2c.c
               zero_block   0x00528e    program     static E:\3.46\pic18-lt\cxx-framework\src\traditional\proc\p18f4620.asm
                   ADCON0   0x000fc2       data     extern E:\3.46\pic18-lt\cxx-framework\src\traditional\proc\p18f4620.asm
               ADCON0bits   0x000fc2       data     extern E:\3.46\pic18-lt\cxx-framework\src\traditional\proc\p18f4620.asm
                   ADCON1   0x000fc1       data     extern E:\3.46\pic18-lt\cxx-framework\src\traditional\proc\p18f4620.asm
               ADCON1bits   0x000fc1       data     extern E:\3.46\pic18-lt\cxx-framework\src\traditional\proc\p18f4620.asm
                   ADCON2   0x000fc0       data     extern E:\3.46\pic18-lt\cxx-framework\src\traditional\proc\p18f4620.asm
               ADCON2bits   0x000fc0       data     extern E:\3.46\pic18-lt\cxx-framework\src\traditional\proc\p18f4620.asm
                    ADRES   0x000fc3       data     extern E:\3.46\pic18-lt\cxx-framework\src\traditional\proc\p18f4620.asm
                   ADRESH   0x000fc4       data     extern E:\3.46\pic18-lt\cxx-framework\src\traditional\proc\p18f4620.asm
                   ADRESL   0x000fc3       data     extern E:\3.46\pic18-lt\cxx-framework\src\traditional\proc\p18f4620.asm
                  BAUDCON   0x000fb8       data     extern E:\3.46\pic18-lt\cxx-framework\src\traditional\proc\p18f4620.asm
              BAUDCONbits   0x000fb8       data     extern E:\3.46\pic18-lt\cxx-framework\src\traditional\proc\p18f4620.asm
                  BAUDCTL   0x000fb8       data     extern E:\3.46\pic18-lt\cxx-framework\src\traditional\proc\p18f4620.asm
              BAUDCTLbits   0x000fb8       data     extern E:\3.46\pic18-lt\cxx-framework\src\traditional\proc\p18f4620.asm
                      BSR   0x000fe0       data     extern E:\3.46\pic18-lt\cxx-framework\src\traditional\proc\p18f4620.asm
                  CCP1CON   0x000fbd       data     extern E:\3.46\pic18-lt\cxx-framework\src\traditional\proc\p18f4620.asm
              CCP1CONbits   0x000fbd       data     extern E:\3.46\pic18-lt\cxx-framework\src\traditional\proc\p18f4620.asm
                  CCP2CON   0x000fba       data     extern E:\3.46\pic18-lt\cxx-framework\src\traditional\proc\p18f4620.asm
              CCP2CONbits   0x000fba       data     extern E:\3.46\pic18-lt\cxx-framework\src\traditional\proc\p18f4620.asm
                    CCPR1   0x000fbe       data     extern E:\3.46\pic18-lt\cxx-framework\src\traditional\proc\p18f4620.asm
                   CCPR1H   0x000fbf       data     extern E:\3.46\pic18-lt\cxx-framework\src\traditional\proc\p18f4620.asm
                   CCPR1L   0x000fbe       data     extern E:\3.46\pic18-lt\cxx-framework\src\traditional\proc\p18f4620.asm
                    CCPR2   0x000fbb       data     extern E:\3.46\pic18-lt\cxx-framework\src\traditional\proc\p18f4620.asm
                   CCPR2H   0x000fbc       data     extern E:\3.46\pic18-lt\cxx-framework\src\traditional\proc\p18f4620.asm
                   CCPR2L   0x000fbb       data     extern E:\3.46\pic18-lt\cxx-framework\src\traditional\proc\p18f4620.asm
                    CMCON   0x000fb4       data     extern E:\3.46\pic18-lt\cxx-framework\src\traditional\proc\p18f4620.asm
                CMCONbits   0x000fb4       data     extern E:\3.46\pic18-lt\cxx-framework\src\traditional\proc\p18f4620.asm
                COD_value   0x000f6e       data     extern D:\KHOINGUYEN\HK221\DATKLL\Do-An\Do-An\simulate_machine\simulate_machine.c
                   CVRCON   0x000fb5       data     extern E:\3.46\pic18-lt\cxx-framework\src\traditional\proc\p18f4620.asm
               CVRCONbits   0x000fb5       data     extern E:\3.46\pic18-lt\cxx-framework\src\traditional\proc\p18f4620.asm
                     DDRA   0x000f92       data     extern E:\3.46\pic18-lt\cxx-framework\src\traditional\proc\p18f4620.asm
                 DDRAbits   0x000f92       data     extern E:\3.46\pic18-lt\cxx-framework\src\traditional\proc\p18f4620.asm
                     DDRB   0x000f93       data     extern E:\3.46\pic18-lt\cxx-framework\src\traditional\proc\p18f4620.asm
                 DDRBbits   0x000f93       data     extern E:\3.46\pic18-lt\cxx-framework\src\traditional\proc\p18f4620.asm
                     DDRC   0x000f94       data     extern E:\3.46\pic18-lt\cxx-framework\src\traditional\proc\p18f4620.asm
                 DDRCbits   0x000f94       data     extern E:\3.46\pic18-lt\cxx-framework\src\traditional\proc\p18f4620.asm
                     DDRD   0x000f95       data     extern E:\3.46\pic18-lt\cxx-framework\src\traditional\proc\p18f4620.asm
                 DDRDbits   0x000f95       data     extern E:\3.46\pic18-lt\cxx-framework\src\traditional\proc\p18f4620.asm
                     DDRE   0x000f96       data     extern E:\3.46\pic18-lt\cxx-framework\src\traditional\proc\p18f4620.asm
                 DDREbits   0x000f96       data     extern E:\3.46\pic18-lt\cxx-framework\src\traditional\proc\p18f4620.asm
                  ECCP1AS   0x000fb6       data     extern E:\3.46\pic18-lt\cxx-framework\src\traditional\proc\p18f4620.asm
              ECCP1ASbits   0x000fb6       data     extern E:\3.46\pic18-lt\cxx-framework\src\traditional\proc\p18f4620.asm
                    EEADR   0x000fa9       data     extern E:\3.46\pic18-lt\cxx-framework\src\traditional\proc\p18f4620.asm
                   EEADRH   0x000faa       data     extern E:\3.46\pic18-lt\cxx-framework\src\traditional\proc\p18f4620.asm
                   EECON1   0x000fa6       data     extern E:\3.46\pic18-lt\cxx-framework\src\traditional\proc\p18f4620.asm
               EECON1bits   0x000fa6       data     extern E:\3.46\pic18-lt\cxx-framework\src\traditional\proc\p18f4620.asm
                   EECON2   0x000fa7       data     extern E:\3.46\pic18-lt\cxx-framework\src\traditional\proc\p18f4620.asm
                   EEDATA   0x000fa8       data     extern E:\3.46\pic18-lt\cxx-framework\src\traditional\proc\p18f4620.asm
               FLOW_value   0x000f6d       data     extern D:\KHOINGUYEN\HK221\DATKLL\Do-An\Do-An\simulate_machine\simulate_machine.c
                     FSR0   0x000fe9       data     extern E:\3.46\pic18-lt\cxx-framework\src\traditional\proc\p18f4620.asm
                    FSR0H   0x000fea       data     extern E:\3.46\pic18-lt\cxx-framework\src\traditional\proc\p18f4620.asm
                    FSR0L   0x000fe9       data     extern E:\3.46\pic18-lt\cxx-framework\src\traditional\proc\p18f4620.asm
                     FSR1   0x000fe1       data     extern E:\3.46\pic18-lt\cxx-framework\src\traditional\proc\p18f4620.asm
                    FSR1H   0x000fe2       data     extern E:\3.46\pic18-lt\cxx-framework\src\traditional\proc\p18f4620.asm
                    FSR1L   0x000fe1       data     extern E:\3.46\pic18-lt\cxx-framework\src\traditional\proc\p18f4620.asm
                     FSR2   0x000fd9       data     extern E:\3.46\pic18-lt\cxx-framework\src\traditional\proc\p18f4620.asm
                    FSR2H   0x000fda       data     extern E:\3.46\pic18-lt\cxx-framework\src\traditional\proc\p18f4620.asm
                    FSR2L   0x000fd9       data     extern E:\3.46\pic18-lt\cxx-framework\src\traditional\proc\p18f4620.asm
                  HLVDCON   0x000fd2       data     extern E:\3.46\pic18-lt\cxx-framework\src\traditional\proc\p18f4620.asm
              HLVDCONbits   0x000fd2       data     extern E:\3.46\pic18-lt\cxx-framework\src\traditional\proc\p18f4620.asm
                    INDF0   0x000fef       data     extern E:\3.46\pic18-lt\cxx-framework\src\traditional\proc\p18f4620.asm
                    INDF1   0x000fe7       data     extern E:\3.46\pic18-lt\cxx-framework\src\traditional\proc\p18f4620.asm
                    INDF2   0x000fdf       data     extern E:\3.46\pic18-lt\cxx-framework\src\traditional\proc\p18f4620.asm
                   INTCON   0x000ff2       data     extern E:\3.46\pic18-lt\cxx-framework\src\traditional\proc\p18f4620.asm
                  INTCON2   0x000ff1       data     extern E:\3.46\pic18-lt\cxx-framework\src\traditional\proc\p18f4620.asm
              INTCON2bits   0x000ff1       data     extern E:\3.46\pic18-lt\cxx-framework\src\traditional\proc\p18f4620.asm
                  INTCON3   0x000ff0       data     extern E:\3.46\pic18-lt\cxx-framework\src\traditional\proc\p18f4620.asm
              INTCON3bits   0x000ff0       data     extern E:\3.46\pic18-lt\cxx-framework\src\traditional\proc\p18f4620.asm
               INTCONbits   0x000ff2       data     extern E:\3.46\pic18-lt\cxx-framework\src\traditional\proc\p18f4620.asm
                     IPR1   0x000f9f       data     extern E:\3.46\pic18-lt\cxx-framework\src\traditional\proc\p18f4620.asm
                 IPR1bits   0x000f9f       data     extern E:\3.46\pic18-lt\cxx-framework\src\traditional\proc\p18f4620.asm
                     IPR2   0x000fa2       data     extern E:\3.46\pic18-lt\cxx-framework\src\traditional\proc\p18f4620.asm
                 IPR2bits   0x000fa2       data     extern E:\3.46\pic18-lt\cxx-framework\src\traditional\proc\p18f4620.asm
                     LATA   0x000f89       data     extern E:\3.46\pic18-lt\cxx-framework\src\traditional\proc\p18f4620.asm
                 LATAbits   0x000f89       data     extern E:\3.46\pic18-lt\cxx-framework\src\traditional\proc\p18f4620.asm
                     LATB   0x000f8a       data     extern E:\3.46\pic18-lt\cxx-framework\src\traditional\proc\p18f4620.asm
                 LATBbits   0x000f8a       data     extern E:\3.46\pic18-lt\cxx-framework\src\traditional\proc\p18f4620.asm
                     LATC   0x000f8b       data     extern E:\3.46\pic18-lt\cxx-framework\src\traditional\proc\p18f4620.asm
                 LATCbits   0x000f8b       data     extern E:\3.46\pic18-lt\cxx-framework\src\traditional\proc\p18f4620.asm
                     LATD   0x000f8c       data     extern E:\3.46\pic18-lt\cxx-framework\src\traditional\proc\p18f4620.asm
                 LATDbits   0x000f8c       data     extern E:\3.46\pic18-lt\cxx-framework\src\traditional\proc\p18f4620.asm
                     LATE   0x000f8d       data     extern E:\3.46\pic18-lt\cxx-framework\src\traditional\proc\p18f4620.asm
                 LATEbits   0x000f8d       data     extern E:\3.46\pic18-lt\cxx-framework\src\traditional\proc\p18f4620.asm
                   LVDCON   0x000fd2       data     extern E:\3.46\pic18-lt\cxx-framework\src\traditional\proc\p18f4620.asm
               LVDCONbits   0x000fd2       data     extern E:\3.46\pic18-lt\cxx-framework\src\traditional\proc\p18f4620.asm
                LcdScreen   0x000f41       data     extern D:\KHOINGUYEN\HK221\DATKLL\Do-An\Do-An\lcd\lcd.c
                NH4_value   0x000f71       data     extern D:\KHOINGUYEN\HK221\DATKLL\Do-An\Do-An\simulate_machine\simulate_machine.c
                NO3_value   0x000f70       data     extern D:\KHOINGUYEN\HK221\DATKLL\Do-An\Do-An\simulate_machine\simulate_machine.c
                   OSCCON   0x000fd3       data     extern E:\3.46\pic18-lt\cxx-framework\src\traditional\proc\p18f4620.asm
               OSCCONbits   0x000fd3       data     extern E:\3.46\pic18-lt\cxx-framework\src\traditional\proc\p18f4620.asm
                  OSCTUNE   0x000f9b       data     extern E:\3.46\pic18-lt\cxx-framework\src\traditional\proc\p18f4620.asm
              OSCTUNEbits   0x000f9b       data     extern E:\3.46\pic18-lt\cxx-framework\src\traditional\proc\p18f4620.asm
                       PC   0x000ff9       data     extern E:\3.46\pic18-lt\cxx-framework\src\traditional\proc\p18f4620.asm
                      PCL   0x000ff9       data     extern E:\3.46\pic18-lt\cxx-framework\src\traditional\proc\p18f4620.asm
                   PCLATH   0x000ffa       data     extern E:\3.46\pic18-lt\cxx-framework\src\traditional\proc\p18f4620.asm
                   PCLATU   0x000ffb       data     extern E:\3.46\pic18-lt\cxx-framework\src\traditional\proc\p18f4620.asm
                     PIE1   0x000f9d       data     extern E:\3.46\pic18-lt\cxx-framework\src\traditional\proc\p18f4620.asm
                 PIE1bits   0x000f9d       data     extern E:\3.46\pic18-lt\cxx-framework\src\traditional\proc\p18f4620.asm
                     PIE2   0x000fa0       data     extern E:\3.46\pic18-lt\cxx-framework\src\traditional\proc\p18f4620.asm
                 PIE2bits   0x000fa0       data     extern E:\3.46\pic18-lt\cxx-framework\src\traditional\proc\p18f4620.asm
                     PIR1   0x000f9e       data     extern E:\3.46\pic18-lt\cxx-framework\src\traditional\proc\p18f4620.asm
                 PIR1bits   0x000f9e       data     extern E:\3.46\pic18-lt\cxx-framework\src\traditional\proc\p18f4620.asm
                     PIR2   0x000fa1       data     extern E:\3.46\pic18-lt\cxx-framework\src\traditional\proc\p18f4620.asm
                 PIR2bits   0x000fa1       data     extern E:\3.46\pic18-lt\cxx-framework\src\traditional\proc\p18f4620.asm
                   PLUSW0   0x000feb       data     extern E:\3.46\pic18-lt\cxx-framework\src\traditional\proc\p18f4620.asm
                   PLUSW1   0x000fe3       data     extern E:\3.46\pic18-lt\cxx-framework\src\traditional\proc\p18f4620.asm
                   PLUSW2   0x000fdb       data     extern E:\3.46\pic18-lt\cxx-framework\src\traditional\proc\p18f4620.asm
                    PORTA   0x000f80       data     extern E:\3.46\pic18-lt\cxx-framework\src\traditional\proc\p18f4620.asm
                PORTAbits   0x000f80       data     extern E:\3.46\pic18-lt\cxx-framework\src\traditional\proc\p18f4620.asm
                    PORTB   0x000f81       data     extern E:\3.46\pic18-lt\cxx-framework\src\traditional\proc\p18f4620.asm
                PORTBbits   0x000f81       data     extern E:\3.46\pic18-lt\cxx-framework\src\traditional\proc\p18f4620.asm
                    PORTC   0x000f82       data     extern E:\3.46\pic18-lt\cxx-framework\src\traditional\proc\p18f4620.asm
                PORTCbits   0x000f82       data     extern E:\3.46\pic18-lt\cxx-framework\src\traditional\proc\p18f4620.asm
                    PORTD   0x000f83       data     extern E:\3.46\pic18-lt\cxx-framework\src\traditional\proc\p18f4620.asm
                PORTDbits   0x000f83       data     extern E:\3.46\pic18-lt\cxx-framework\src\traditional\proc\p18f4620.asm
                    PORTE   0x000f84       data     extern E:\3.46\pic18-lt\cxx-framework\src\traditional\proc\p18f4620.asm
                PORTEbits   0x000f84       data     extern E:\3.46\pic18-lt\cxx-framework\src\traditional\proc\p18f4620.asm
                 POSTDEC0   0x000fed       data     extern E:\3.46\pic18-lt\cxx-framework\src\traditional\proc\p18f4620.asm
                 POSTDEC1   0x000fe5       data     extern E:\3.46\pic18-lt\cxx-framework\src\traditional\proc\p18f4620.asm
                 POSTDEC2   0x000fdd       data     extern E:\3.46\pic18-lt\cxx-framework\src\traditional\proc\p18f4620.asm
                 POSTINC0   0x000fee       data     extern E:\3.46\pic18-lt\cxx-framework\src\traditional\proc\p18f4620.asm
                 POSTINC1   0x000fe6       data     extern E:\3.46\pic18-lt\cxx-framework\src\traditional\proc\p18f4620.asm
                 POSTINC2   0x000fde       data     extern E:\3.46\pic18-lt\cxx-framework\src\traditional\proc\p18f4620.asm
                      PR2   0x000fcb       data     extern E:\3.46\pic18-lt\cxx-framework\src\traditional\proc\p18f4620.asm
                  PREINC0   0x000fec       data     extern E:\3.46\pic18-lt\cxx-framework\src\traditional\proc\p18f4620.asm
                  PREINC1   0x000fe4       data     extern E:\3.46\pic18-lt\cxx-framework\src\traditional\proc\p18f4620.asm
                  PREINC2   0x000fdc       data     extern E:\3.46\pic18-lt\cxx-framework\src\traditional\proc\p18f4620.asm
                     PROD   0x000ff3       data     extern E:\3.46\pic18-lt\cxx-framework\src\traditional\proc\p18f4620.asm
                    PRODH   0x000ff4       data     extern E:\3.46\pic18-lt\cxx-framework\src\traditional\proc\p18f4620.asm
                    PRODL   0x000ff3       data     extern E:\3.46\pic18-lt\cxx-framework\src\traditional\proc\p18f4620.asm
                  PWM1CON   0x000fb7       data     extern E:\3.46\pic18-lt\cxx-framework\src\traditional\proc\p18f4620.asm
              PWM1CONbits   0x000fb7       data     extern E:\3.46\pic18-lt\cxx-framework\src\traditional\proc\p18f4620.asm
                     RCON   0x000fd0       data     extern E:\3.46\pic18-lt\cxx-framework\src\traditional\proc\p18f4620.asm
                 RCONbits   0x000fd0       data     extern E:\3.46\pic18-lt\cxx-framework\src\traditional\proc\p18f4620.asm
                    RCREG   0x000fae       data     extern E:\3.46\pic18-lt\cxx-framework\src\traditional\proc\p18f4620.asm
                    RCSTA   0x000fab       data     extern E:\3.46\pic18-lt\cxx-framework\src\traditional\proc\p18f4620.asm
                RCSTAbits   0x000fab       data     extern E:\3.46\pic18-lt\cxx-framework\src\traditional\proc\p18f4620.asm
                     SIGN   0x000000       data     extern E:\3.46\pic18-lt\cxx-framework\src\traditional\math\cmath18.asm
                    SPBRG   0x000faf       data     extern E:\3.46\pic18-lt\cxx-framework\src\traditional\proc\p18f4620.asm
                   SPBRGH   0x000fb0       data     extern E:\3.46\pic18-lt\cxx-framework\src\traditional\proc\p18f4620.asm
                   SSPADD   0x000fc8       data     extern E:\3.46\pic18-lt\cxx-framework\src\traditional\proc\p18f4620.asm
                   SSPBUF   0x000fc9       data     extern E:\3.46\pic18-lt\cxx-framework\src\traditional\proc\p18f4620.asm
                  SSPCON1   0x000fc6       data     extern E:\3.46\pic18-lt\cxx-framework\src\traditional\proc\p18f4620.asm
              SSPCON1bits   0x000fc6       data     extern E:\3.46\pic18-lt\cxx-framework\src\traditional\proc\p18f4620.asm
                  SSPCON2   0x000fc5       data     extern E:\3.46\pic18-lt\cxx-framework\src\traditional\proc\p18f4620.asm
              SSPCON2bits   0x000fc5       data     extern E:\3.46\pic18-lt\cxx-framework\src\traditional\proc\p18f4620.asm
                  SSPSTAT   0x000fc7       data     extern E:\3.46\pic18-lt\cxx-framework\src\traditional\proc\p18f4620.asm
              SSPSTATbits   0x000fc7       data     extern E:\3.46\pic18-lt\cxx-framework\src\traditional\proc\p18f4620.asm
                   STATUS   0x000fd8       data     extern E:\3.46\pic18-lt\cxx-framework\src\traditional\proc\p18f4620.asm
               STATUSbits   0x000fd8       data     extern E:\3.46\pic18-lt\cxx-framework\src\traditional\proc\p18f4620.asm
                   STKPTR   0x000ffc       data     extern E:\3.46\pic18-lt\cxx-framework\src\traditional\proc\p18f4620.asm
               STKPTRbits   0x000ffc       data     extern E:\3.46\pic18-lt\cxx-framework\src\traditional\proc\p18f4620.asm
                    T0CON   0x000fd5       data     extern E:\3.46\pic18-lt\cxx-framework\src\traditional\proc\p18f4620.asm
                T0CONbits   0x000fd5       data     extern E:\3.46\pic18-lt\cxx-framework\src\traditional\proc\p18f4620.asm
                    T1CON   0x000fcd       data     extern E:\3.46\pic18-lt\cxx-framework\src\traditional\proc\p18f4620.asm
                T1CONbits   0x000fcd       data     extern E:\3.46\pic18-lt\cxx-framework\src\traditional\proc\p18f4620.asm
                    T2CON   0x000fca       data     extern E:\3.46\pic18-lt\cxx-framework\src\traditional\proc\p18f4620.asm
                T2CONbits   0x000fca       data     extern E:\3.46\pic18-lt\cxx-framework\src\traditional\proc\p18f4620.asm
                    T3CON   0x000fb1       data     extern E:\3.46\pic18-lt\cxx-framework\src\traditional\proc\p18f4620.asm
                T3CONbits   0x000fb1       data     extern E:\3.46\pic18-lt\cxx-framework\src\traditional\proc\p18f4620.asm
                   TABLAT   0x000ff5       data     extern E:\3.46\pic18-lt\cxx-framework\src\traditional\proc\p18f4620.asm
                   TBLPTR   0x000ff6       data     extern E:\3.46\pic18-lt\cxx-framework\src\traditional\proc\p18f4620.asm
                  TBLPTRH   0x000ff7       data     extern E:\3.46\pic18-lt\cxx-framework\src\traditional\proc\p18f4620.asm
                  TBLPTRL   0x000ff6       data     extern E:\3.46\pic18-lt\cxx-framework\src\traditional\proc\p18f4620.asm
                  TBLPTRU   0x000ff8       data     extern E:\3.46\pic18-lt\cxx-framework\src\traditional\proc\p18f4620.asm
               TEMP_value   0x000f6b       data     extern D:\KHOINGUYEN\HK221\DATKLL\Do-An\Do-An\simulate_machine\simulate_machine.c
                    TMR0H   0x000fd7       data     extern E:\3.46\pic18-lt\cxx-framework\src\traditional\proc\p18f4620.asm
                    TMR0L   0x000fd6       data     extern E:\3.46\pic18-lt\cxx-framework\src\traditional\proc\p18f4620.asm
                    TMR1H   0x000fcf       data     extern E:\3.46\pic18-lt\cxx-framework\src\traditional\proc\p18f4620.asm
                    TMR1L   0x000fce       data     extern E:\3.46\pic18-lt\cxx-framework\src\traditional\proc\p18f4620.asm
                     TMR2   0x000fcc       data     extern E:\3.46\pic18-lt\cxx-framework\src\traditional\proc\p18f4620.asm
                    TMR3H   0x000fb3       data     extern E:\3.46\pic18-lt\cxx-framework\src\traditional\proc\p18f4620.asm
                    TMR3L   0x000fb2       data     extern E:\3.46\pic18-lt\cxx-framework\src\traditional\proc\p18f4620.asm
                      TOS   0x000ffd       data     extern E:\3.46\pic18-lt\cxx-framework\src\traditional\proc\p18f4620.asm
                     TOSH   0x000ffe       data     extern E:\3.46\pic18-lt\cxx-framework\src\traditional\proc\p18f4620.asm
                     TOSL   0x000ffd       data     extern E:\3.46\pic18-lt\cxx-framework\src\traditional\proc\p18f4620.asm
                     TOSU   0x000fff       data     extern E:\3.46\pic18-lt\cxx-framework\src\traditional\proc\p18f4620.asm
                    TRISA   0x000f92       data     extern E:\3.46\pic18-lt\cxx-framework\src\traditional\proc\p18f4620.asm
                TRISAbits   0x000f92       data     extern E:\3.46\pic18-lt\cxx-framework\src\traditional\proc\p18f4620.asm
                    TRISB   0x000f93       data     extern E:\3.46\pic18-lt\cxx-framework\src\traditional\proc\p18f4620.asm
                TRISBbits   0x000f93       data     extern E:\3.46\pic18-lt\cxx-framework\src\traditional\proc\p18f4620.asm
                    TRISC   0x000f94       data     extern E:\3.46\pic18-lt\cxx-framework\src\traditional\proc\p18f4620.asm
                TRISCbits   0x000f94       data     extern E:\3.46\pic18-lt\cxx-framework\src\traditional\proc\p18f4620.asm
                    TRISD   0x000f95       data     extern E:\3.46\pic18-lt\cxx-framework\src\traditional\proc\p18f4620.asm
                TRISDbits   0x000f95       data     extern E:\3.46\pic18-lt\cxx-framework\src\traditional\proc\p18f4620.asm
                    TRISE   0x000f96       data     extern E:\3.46\pic18-lt\cxx-framework\src\traditional\proc\p18f4620.asm
                TRISEbits   0x000f96       data     extern E:\3.46\pic18-lt\cxx-framework\src\traditional\proc\p18f4620.asm
                TSS_value   0x000f6f       data     extern D:\KHOINGUYEN\HK221\DATKLL\Do-An\Do-An\simulate_machine\simulate_machine.c
                    TXREG   0x000fad       data     extern E:\3.46\pic18-lt\cxx-framework\src\traditional\proc\p18f4620.asm
                    TXSTA   0x000fac       data     extern E:\3.46\pic18-lt\cxx-framework\src\traditional\proc\p18f4620.asm
                TXSTAbits   0x000fac       data     extern E:\3.46\pic18-lt\cxx-framework\src\traditional\proc\p18f4620.asm
                 UserFont   0x000f00       data     extern D:\KHOINGUYEN\HK221\DATKLL\Do-An\Do-An\lcd\lcd.c
                        W   0x000fe8       data     extern E:\3.46\pic18-lt\cxx-framework\src\traditional\proc\p18f4620.asm
                   WDTCON   0x000fd1       data     extern E:\3.46\pic18-lt\cxx-framework\src\traditional\proc\p18f4620.asm
               WDTCONbits   0x000fd1       data     extern E:\3.46\pic18-lt\cxx-framework\src\traditional\proc\p18f4620.asm
                     WREG   0x000fe8       data     extern E:\3.46\pic18-lt\cxx-framework\src\traditional\proc\p18f4620.asm
             WaitResponse   0x000f62       data     extern D:\KHOINGUYEN\HK221\DATKLL\Do-An\Do-An\simulate_machine\simulate_machine.c
                 __AARGB0   0x000009       data     extern E:\3.46\pic18-lt\cxx-framework\src\traditional\math\aarg.asm
                 __AARGB1   0x000008       data     extern E:\3.46\pic18-lt\cxx-framework\src\traditional\math\aarg.asm
                 __AARGB2   0x000007       data     extern E:\3.46\pic18-lt\cxx-framework\src\traditional\math\aarg.asm
                 __AARGB3   0x000006       data     extern E:\3.46\pic18-lt\cxx-framework\src\traditional\math\aarg.asm
                 __AARGB4   0x000005       data     extern E:\3.46\pic18-lt\cxx-framework\src\traditional\math\aarg.asm
                 __AARGB5   0x000004       data     extern E:\3.46\pic18-lt\cxx-framework\src\traditional\math\aarg.asm
                 __AARGB6   0x000003       data     extern E:\3.46\pic18-lt\cxx-framework\src\traditional\math\aarg.asm
                 __AARGB7   0x000002       data     extern E:\3.46\pic18-lt\cxx-framework\src\traditional\math\aarg.asm
                   __AEXP   0x00000a       data     extern E:\3.46\pic18-lt\cxx-framework\src\traditional\math\aarg.asm
                 __BARGB0   0x00000e       data     extern E:\3.46\pic18-lt\cxx-framework\src\traditional\math\barg.asm
                 __BARGB1   0x00000d       data     extern E:\3.46\pic18-lt\cxx-framework\src\traditional\math\barg.asm
                 __BARGB2   0x00000c       data     extern E:\3.46\pic18-lt\cxx-framework\src\traditional\math\barg.asm
                 __BARGB3   0x00000b       data     extern E:\3.46\pic18-lt\cxx-framework\src\traditional\math\barg.asm
                   __BEXP   0x00000f       data     extern E:\3.46\pic18-lt\cxx-framework\src\traditional\math\barg.asm
                __FPFLAGS   0x000001       data     extern E:\3.46\pic18-lt\cxx-framework\src\traditional\math\cmath18.asm
            __FPFLAGSbits   0x000001       data     extern E:\3.46\pic18-lt\cxx-framework\src\traditional\math\cmath18.asm
                  __REMB0   0x000005       data     extern E:\3.46\pic18-lt\cxx-framework\src\traditional\math\aarg.asm
                  __REMB1   0x000004       data     extern E:\3.46\pic18-lt\cxx-framework\src\traditional\math\aarg.asm
                  __REMB2   0x000003       data     extern E:\3.46\pic18-lt\cxx-framework\src\traditional\math\aarg.asm
                  __REMB3   0x000002       data     extern E:\3.46\pic18-lt\cxx-framework\src\traditional\math\aarg.asm
                  __tmp_0   0x000010       data     static D:\KHOINGUYEN\HK221\DATKLL\Do-An\Do-An\output\output.c
                  __tmp_0   0x000010       data     static D:\KHOINGUYEN\HK221\DATKLL\Do-An\Do-An\simulate_machine\simulate_machine.c
                  __tmp_0   0x000010       data     static D:\KHOINGUYEN\HK221\DATKLL\Do-An\Do-An\adc\adc.c
                  __tmp_0   0x000010       data     static D:\KHOINGUYEN\HK221\DATKLL\Do-An\Do-An\i2c\i2c.c
                  __tmp_0   0x000010       data     static D:\KHOINGUYEN\HK221\DATKLL\Do-An\Do-An\lcd\lcd.c
                  __tmp_0   0x000010       data     static D:\KHOINGUYEN\HK221\DATKLL\Do-An\Do-An\timer\timer.c
                  __tmp_0   0x000010       data     static D:\KHOINGUYEN\HK221\DATKLL\Do-An\Do-An\traffic\traffic.c
                  __tmp_0   0x000010       data     static D:\KHOINGUYEN\HK221\DATKLL\Do-An\Do-An\uart\uart.c
                  __tmp_0   0x000010       data     static D:\KHOINGUYEN\HK221\DATKLL\Do-An\Do-An\main.c
                  __tmp_0   0x000010       data     static D:\KHOINGUYEN\HK221\DATKLL\Do-An\Do-An\button_matrix\button.c
                adc_value   0x0000e5       data     extern D:\KHOINGUYEN\HK221\DATKLL\Do-An\Do-An\adc\adc.c
               arrayInput   0x0001a7       data     extern D:\KHOINGUYEN\HK221\DATKLL\Do-An\Do-An\global\global.c
         arrayMapOfNumber   0x000165       data     extern D:\KHOINGUYEN\HK221\DATKLL\Do-An\Do-An\button_matrix\button.c
         arrayMapOfOutput   0x000195       data     extern D:\KHOINGUYEN\HK221\DATKLL\Do-An\Do-An\output\output.c
       arrayMapOfPassword   0x000127       data     extern D:\KHOINGUYEN\HK221\DATKLL\Do-An\Do-An\global\global.c
      arrayMaskInputOfKey   0x000161       data     extern D:\KHOINGUYEN\HK221\DATKLL\Do-An\Do-An\button_matrix\button.c
     arrayMaskOutputOfKey   0x00015d       data     extern D:\KHOINGUYEN\HK221\DATKLL\Do-An\Do-An\button_matrix\button.c
            arrayPassword   0x0001a9       data     extern D:\KHOINGUYEN\HK221\DATKLL\Do-An\Do-An\global\global.c
            array_led7seg   0x00019d       data     extern D:\KHOINGUYEN\HK221\DATKLL\Do-An\Do-An\output\output.c
               autoStatus   0x00010f       data     extern D:\KHOINGUYEN\HK221\DATKLL\Do-An\Do-An\global\global.c
                     cnt0   0x0001b3       data     extern D:\KHOINGUYEN\HK221\DATKLL\Do-An\Do-An\interrupt\interrupt.c
                     cnt1   0x0001b5       data     extern D:\KHOINGUYEN\HK221\DATKLL\Do-An\Do-An\interrupt\interrupt.c
               cntOfLight   0x000105       data     extern D:\KHOINGUYEN\HK221\DATKLL\Do-An\Do-An\global\global.c
                    count   0x000126       data     extern D:\KHOINGUYEN\HK221\DATKLL\Do-An\Do-An\global\global.c
                curr_byte   0x000f77       data     static E:\3.46\pic18-lt\cxx-framework\src\traditional\startup\c018i.c
               curr_entry   0x000f79       data     static E:\3.46\pic18-lt\cxx-framework\src\traditional\startup\c018i.c
              current_col   0x0001b1       data     extern D:\KHOINGUYEN\HK221\DATKLL\Do-An\Do-An\lcd\lcd.c
              current_row   0x0001af       data     extern D:\KHOINGUYEN\HK221\DATKLL\Do-An\Do-An\lcd\lcd.c
              dataReceive   0x000081       data     extern D:\KHOINGUYEN\HK221\DATKLL\Do-An\Do-An\simulate_machine\simulate_machine.c
                 dataSend   0x0000b3       data     extern D:\KHOINGUYEN\HK221\DATKLL\Do-An\Do-An\simulate_machine\simulate_machine.c
                 data_ptr   0x000f7b       data     static E:\3.46\pic18-lt\cxx-framework\src\traditional\startup\c018i.c
                     date   0x000123       data     extern D:\KHOINGUYEN\HK221\DATKLL\Do-An\Do-An\global\global.c
                      day   0x000122       data     extern D:\KHOINGUYEN\HK221\DATKLL\Do-An\Do-An\global\global.c
               duty_cycle   0x000f7e       data     extern D:\KHOINGUYEN\HK221\DATKLL\Do-An\Do-An\pwm\pwm.c
flagOfDataReceiveComplete   0x000f64       data     extern D:\KHOINGUYEN\HK221\DATKLL\Do-An\Do-An\simulate_machine\simulate_machine.c
              flag_timer0   0x00017d       data     extern D:\KHOINGUYEN\HK221\DATKLL\Do-An\Do-An\timer\timer.c
              flag_timer1   0x00017e       data     extern D:\KHOINGUYEN\HK221\DATKLL\Do-An\Do-An\timer\timer.c
              flag_timer2   0x00017f       data     extern D:\KHOINGUYEN\HK221\DATKLL\Do-An\Do-An\timer\timer.c
              flag_timer3   0x000180       data     extern D:\KHOINGUYEN\HK221\DATKLL\Do-An\Do-An\timer\timer.c
                     hour   0x000121       data     extern D:\KHOINGUYEN\HK221\DATKLL\Do-An\Do-An\global\global.c
                        i   0x000080       data     extern D:\KHOINGUYEN\HK221\DATKLL\Do-An\Do-An\simulate_machine\simulate_machine.c
                   index1   0x0001ad       data     extern D:\KHOINGUYEN\HK221\DATKLL\Do-An\Do-An\global\global.c
                   index2   0x0001ae       data     extern D:\KHOINGUYEN\HK221\DATKLL\Do-An\Do-An\global\global.c
       indexOfDataReceive   0x000f66       data     extern D:\KHOINGUYEN\HK221\DATKLL\Do-An\Do-An\simulate_machine\simulate_machine.c
           indexOfMachine   0x000f65       data     extern D:\KHOINGUYEN\HK221\DATKLL\Do-An\Do-An\simulate_machine\simulate_machine.c
            indexOfNumber   0x000106       data     extern D:\KHOINGUYEN\HK221\DATKLL\Do-An\Do-An\global\global.c
          indexOfdataSend   0x000f67       data     extern D:\KHOINGUYEN\HK221\DATKLL\Do-An\Do-An\simulate_machine\simulate_machine.c
                isSetTime   0x00010a       data     extern D:\KHOINGUYEN\HK221\DATKLL\Do-An\Do-An\global\global.c
                isStarted   0x000f7f       data     extern D:\KHOINGUYEN\HK221\DATKLL\Do-An\Do-An\i2c\i2c.c
                 key_code   0x00013d       data     extern D:\KHOINGUYEN\HK221\DATKLL\Do-An\Do-An\button_matrix\button.c
             manualStatus   0x000111       data     extern D:\KHOINGUYEN\HK221\DATKLL\Do-An\Do-An\global\global.c
                   minute   0x000120       data     extern D:\KHOINGUYEN\HK221\DATKLL\Do-An\Do-An\global\global.c
                    month   0x000124       data     extern D:\KHOINGUYEN\HK221\DATKLL\Do-An\Do-An\global\global.c
               nextStatus   0x00010d       data     extern D:\KHOINGUYEN\HK221\DATKLL\Do-An\Do-An\global\global.c
      numberOfDataReceive   0x000f68       data     extern D:\KHOINGUYEN\HK221\DATKLL\Do-An\Do-An\simulate_machine\simulate_machine.c
         numberOfDataSend   0x000f69       data     extern D:\KHOINGUYEN\HK221\DATKLL\Do-An\Do-An\simulate_machine\simulate_machine.c
              numberValue   0x000108       data     extern D:\KHOINGUYEN\HK221\DATKLL\Do-An\Do-An\global\global.c
                 pH_value   0x000f6c       data     extern D:\KHOINGUYEN\HK221\DATKLL\Do-An\Do-An\simulate_machine\simulate_machine.c
            password_flag   0x00013b       data     extern D:\KHOINGUYEN\HK221\DATKLL\Do-An\Do-An\global\global.c
         pedestrianStatus   0x000112       data     extern D:\KHOINGUYEN\HK221\DATKLL\Do-An\Do-An\global\global.c
          pretimeOfPhase1   0x000102       data     extern D:\KHOINGUYEN\HK221\DATKLL\Do-An\Do-An\global\global.c
          pretimeOfPhase2   0x000103       data     extern D:\KHOINGUYEN\HK221\DATKLL\Do-An\Do-An\global\global.c
           previousStatus   0x00010c       data     extern D:\KHOINGUYEN\HK221\DATKLL\Do-An\Do-An\global\global.c
                     prom   0x000f74       data     static E:\3.46\pic18-lt\cxx-framework\src\traditional\startup\c018i.c
                   result   0x00013c       data     extern D:\KHOINGUYEN\HK221\DATKLL\Do-An\Do-An\global\global.c
                   second   0x00011f       data     extern D:\KHOINGUYEN\HK221\DATKLL\Do-An\Do-An\global\global.c
     setTimeOfGreenPhase1   0x000119       data     extern D:\KHOINGUYEN\HK221\DATKLL\Do-An\Do-An\global\global.c
     setTimeOfGreenPhase2   0x00011c       data     extern D:\KHOINGUYEN\HK221\DATKLL\Do-An\Do-An\global\global.c
       setTimeOfRedPhase1   0x00011b       data     extern D:\KHOINGUYEN\HK221\DATKLL\Do-An\Do-An\global\global.c
       setTimeOfRedPhase2   0x00011e       data     extern D:\KHOINGUYEN\HK221\DATKLL\Do-An\Do-An\global\global.c
    setTimeOfYellowPhase1   0x00011a       data     extern D:\KHOINGUYEN\HK221\DATKLL\Do-An\Do-An\global\global.c
    setTimeOfYellowPhase2   0x00011d       data     extern D:\KHOINGUYEN\HK221\DATKLL\Do-An\Do-An\global\global.c
            setTimeStatus   0x00010e       data     extern D:\KHOINGUYEN\HK221\DATKLL\Do-An\Do-An\global\global.c
                 set_flag   0x000104       data     extern D:\KHOINGUYEN\HK221\DATKLL\Do-An\Do-An\global\global.c
                  slowCnt   0x000109       data     extern D:\KHOINGUYEN\HK221\DATKLL\Do-An\Do-An\global\global.c
           slowModeStatus   0x000110       data     extern D:\KHOINGUYEN\HK221\DATKLL\Do-An\Do-An\global\global.c
                    speed   0x0000ff       data     extern D:\KHOINGUYEN\HK221\DATKLL\Do-An\Do-An\pwm\pwm.c
                statusLCD   0x000f40       data     extern D:\KHOINGUYEN\HK221\DATKLL\Do-An\Do-An\lcd\lcd.c
            statusReceive   0x000f63       data     extern D:\KHOINGUYEN\HK221\DATKLL\Do-An\Do-An\simulate_machine\simulate_machine.c
             statusSim900   0x000f61       data     extern D:\KHOINGUYEN\HK221\DATKLL\Do-An\Do-An\simulate_machine\simulate_machine.c
             statusSystem   0x00010b       data     extern D:\KHOINGUYEN\HK221\DATKLL\Do-An\Do-An\global\global.c
                tempCount   0x000f6a       data     extern D:\KHOINGUYEN\HK221\DATKLL\Do-An\Do-An\simulate_machine\simulate_machine.c
                time0_MUL   0x00018d       data     extern D:\KHOINGUYEN\HK221\DATKLL\Do-An\Do-An\timer\timer.c
                time1_MUL   0x00018f       data     extern D:\KHOINGUYEN\HK221\DATKLL\Do-An\Do-An\timer\timer.c
                time2_MUL   0x000191       data     extern D:\KHOINGUYEN\HK221\DATKLL\Do-An\Do-An\timer\timer.c
                time3_MUL   0x000193       data     extern D:\KHOINGUYEN\HK221\DATKLL\Do-An\Do-An\timer\timer.c
       timeChangedataSend   0x000f72       data     extern D:\KHOINGUYEN\HK221\DATKLL\Do-An\Do-An\simulate_machine\simulate_machine.c
                timeDelay   0x000107       data     extern D:\KHOINGUYEN\HK221\DATKLL\Do-An\Do-An\global\global.c
        timeOfGreenPhase1   0x000113       data     extern D:\KHOINGUYEN\HK221\DATKLL\Do-An\Do-An\global\global.c
        timeOfGreenPhase2   0x000116       data     extern D:\KHOINGUYEN\HK221\DATKLL\Do-An\Do-An\global\global.c
             timeOfPhase1   0x000100       data     extern D:\KHOINGUYEN\HK221\DATKLL\Do-An\Do-An\global\global.c
             timeOfPhase2   0x000101       data     extern D:\KHOINGUYEN\HK221\DATKLL\Do-An\Do-An\global\global.c
          timeOfRedPhase1   0x000115       data     extern D:\KHOINGUYEN\HK221\DATKLL\Do-An\Do-An\global\global.c
          timeOfRedPhase2   0x000118       data     extern D:\KHOINGUYEN\HK221\DATKLL\Do-An\Do-An\global\global.c
       timeOfYellowPhase1   0x000114       data     extern D:\KHOINGUYEN\HK221\DATKLL\Do-An\Do-An\global\global.c
       timeOfYellowPhase2   0x000117       data     extern D:\KHOINGUYEN\HK221\DATKLL\Do-An\Do-An\global\global.c
               timer0_cnt   0x000185       data     extern D:\KHOINGUYEN\HK221\DATKLL\Do-An\Do-An\timer\timer.c
             timer0_value   0x000175       data     extern D:\KHOINGUYEN\HK221\DATKLL\Do-An\Do-An\timer\timer.c
               timer1_cnt   0x000187       data     extern D:\KHOINGUYEN\HK221\DATKLL\Do-An\Do-An\timer\timer.c
             timer1_value   0x000177       data     extern D:\KHOINGUYEN\HK221\DATKLL\Do-An\Do-An\timer\timer.c
               timer2_cnt   0x000189       data     extern D:\KHOINGUYEN\HK221\DATKLL\Do-An\Do-An\timer\timer.c
             timer2_value   0x000179       data     extern D:\KHOINGUYEN\HK221\DATKLL\Do-An\Do-An\timer\timer.c
               timer3_cnt   0x00018b       data     extern D:\KHOINGUYEN\HK221\DATKLL\Do-An\Do-An\timer\timer.c
             timer3_value   0x00017b       data     extern D:\KHOINGUYEN\HK221\DATKLL\Do-An\Do-An\timer\timer.c
                   v_cnt0   0x000181       data     extern D:\KHOINGUYEN\HK221\DATKLL\Do-An\Do-An\timer\timer.c
                   v_cnt1   0x000183       data     extern D:\KHOINGUYEN\HK221\DATKLL\Do-An\Do-An\timer\timer.c
                     year   0x000125       data     extern D:\KHOINGUYEN\HK221\DATKLL\Do-An\Do-An\global\global.c



                              Symbols - Sorted by Address
                     Name    Address   Location    Storage File                     
                ---------  ---------  ---------  --------- ---------                
                   _entry   0x000000    program     extern E:\3.46\pic18-lt\cxx-framework\src\traditional\startup\c018i.c
       ___return_lbl00000   0x000004    program     static                          
                   __init   0x000006    program     extern E:\3.46\pic18-lt\cxx-framework\src\traditional\stdclib\__init.c
      InterruptVectorHigh   0x000008    program     extern D:\KHOINGUYEN\HK221\DATKLL\Do-An\Do-An\interrupt\interrupt.c
       ___return_lbl00003   0x00000c    program     static                          
       InterruptVectorLow   0x000018    program     extern D:\KHOINGUYEN\HK221\DATKLL\Do-An\Do-An\interrupt\interrupt.c
       ___return_lbl00002   0x00001c    program     static                          
          AppTrafficLight   0x00008c    program     extern D:\KHOINGUYEN\HK221\DATKLL\Do-An\Do-An\traffic\traffic.c
              __tmplbl_48   0x000956    program     static                          
              __tmplbl_47   0x000b7e    program     static                          
              __tmplbl_46   0x000d2a    program     static                          
              __tmplbl_59   0x000d98    program     static                          
              __tmplbl_60   0x000d98    program     static                          
              __tmplbl_45   0x000da0    program     static                          
              __tmplbl_44   0x001072    program     static                          
              __tmplbl_43   0x00132e    program     static                          
              __tmplbl_42   0x001606    program     static                          
              __tmplbl_64   0x0018be    program     static                          
[...]
                 DDRBbits   0x000f93       data     extern E:\3.46\pic18-lt\cxx-framework\src\traditional\proc\p18f4620.asm
                TRISBbits   0x000f93       data     extern E:\3.46\pic18-lt\cxx-framework\src\traditional\proc\p18f4620.asm
                    TRISB   0x000f93       data     extern E:\3.46\pic18-lt\cxx-framework\src\traditional\proc\p18f4620.asm
                 DDRCbits   0x000f94       data     extern E:\3.46\pic18-lt\cxx-framework\src\traditional\proc\p18f4620.asm
                     DDRC   0x000f94       data     extern E:\3.46\pic18-lt\cxx-framework\src\traditional\proc\p18f4620.asm
                TRISCbits   0x000f94       data     extern E:\3.46\pic18-lt\cxx-framework\src\traditional\proc\p18f4620.asm
                    TRISC   0x000f94       data     extern E:\3.46\pic18-lt\cxx-framework\src\traditional\proc\p18f4620.asm
                     DDRD   0x000f95       data     extern E:\3.46\pic18-lt\cxx-framework\src\traditional\proc\p18f4620.asm
                TRISDbits   0x000f95       data     extern E:\3.46\pic18-lt\cxx-framework\src\traditional\proc\p18f4620.asm
                    TRISD   0x000f95       data     extern E:\3.46\pic18-lt\cxx-framework\src\traditional\proc\p18f4620.asm
                 DDRDbits   0x000f95       data     extern E:\3.46\pic18-lt\cxx-framework\src\traditional\proc\p18f4620.asm
                    TRISE   0x000f96       data     extern E:\3.46\pic18-lt\cxx-framework\src\traditional\proc\p18f4620.asm
                TRISEbits   0x000f96       data     extern E:\3.46\pic18-lt\cxx-framework\src\traditional\proc\p18f4620.asm
                     DDRE   0x000f96       data     extern E:\3.46\pic18-lt\cxx-framework\src\traditional\proc\p18f4620.asm
                 DDREbits   0x000f96       data     extern E:\3.46\pic18-lt\cxx-framework\src\traditional\proc\p18f4620.asm
              OSCTUNEbits   0x000f9b       data     extern E:\3.46\pic18-lt\cxx-framework\src\traditional\proc\p18f4620.asm
                  OSCTUNE   0x000f9b       data     extern E:\3.46\pic18-lt\cxx-framework\src\traditional\proc\p18f4620.asm
                     PIE1   0x000f9d       data     extern E:\3.46\pic18-lt\cxx-framework\src\traditional\proc\p18f4620.asm
                 PIE1bits   0x000f9d       data     extern E:\3.46\pic18-lt\cxx-framework\src\traditional\proc\p18f4620.asm
                     PIR1   0x000f9e       data     extern E:\3.46\pic18-lt\cxx-framework\src\traditional\proc\p18f4620.asm
                 PIR1bits   0x000f9e       data     extern E:\3.46\pic18-lt\cxx-framework\src\traditional\proc\p18f4620.asm
                     IPR1   0x000f9f       data     extern E:\3.46\pic18-lt\cxx-framework\src\traditional\proc\p18f4620.asm
                 IPR1bits   0x000f9f       data     extern E:\3.46\pic18-lt\cxx-framework\src\traditional\proc\p18f4620.asm
                 PIE2bits   0x000fa0       data     extern E:\3.46\pic18-lt\cxx-framework\src\traditional\proc\p18f4620.asm
                     PIE2   0x000fa0       data     extern E:\3.46\pic18-lt\cxx-framework\src\traditional\proc\p18f4620.asm
                 PIR2bits   0x000fa1       data     extern E:\3.46\pic18-lt\cxx-framework\src\traditional\proc\p18f4620.asm
                     PIR2   0x000fa1       data     extern E:\3.46\pic18-lt\cxx-framework\src\traditional\proc\p18f4620.asm
                 IPR2bits   0x000fa2       data     extern E:\3.46\pic18-lt\cxx-framework\src\traditional\proc\p18f4620.asm
                     IPR2   0x000fa2       data     extern E:\3.46\pic18-lt\cxx-framework\src\traditional\proc\p18f4620.asm
               EECON1bits   0x000fa6       data     extern E:\3.46\pic18-lt\cxx-framework\src\traditional\proc\p18f4620.asm
                   EECON1   0x000fa6       data     extern E:\3.46\pic18-lt\cxx-framework\src\traditional\proc\p18f4620.asm
                   EECON2   0x000fa7       data     extern E:\3.46\pic18-lt\cxx-framework\src\traditional\proc\p18f4620.asm
                   EEDATA   0x000fa8       data     extern E:\3.46\pic18-lt\cxx-framework\src\traditional\proc\p18f4620.asm
                    EEADR   0x000fa9       data     extern E:\3.46\pic18-lt\cxx-framework\src\traditional\proc\p18f4620.asm
                   EEADRH   0x000faa       data     extern E:\3.46\pic18-lt\cxx-framework\src\traditional\proc\p18f4620.asm
                    RCSTA   0x000fab       data     extern E:\3.46\pic18-lt\cxx-framework\src\traditional\proc\p18f4620.asm
                RCSTAbits   0x000fab       data     extern E:\3.46\pic18-lt\cxx-framework\src\traditional\proc\p18f4620.asm
                    TXSTA   0x000fac       data     extern E:\3.46\pic18-lt\cxx-framework\src\traditional\proc\p18f4620.asm
                TXSTAbits   0x000fac       data     extern E:\3.46\pic18-lt\cxx-framework\src\traditional\proc\p18f4620.asm
                    TXREG   0x000fad       data     extern E:\3.46\pic18-lt\cxx-framework\src\traditional\proc\p18f4620.asm
                    RCREG   0x000fae       data     extern E:\3.46\pic18-lt\cxx-framework\src\traditional\proc\p18f4620.asm
                    SPBRG   0x000faf       data     extern E:\3.46\pic18-lt\cxx-framework\src\traditional\proc\p18f4620.asm
                   SPBRGH   0x000fb0       data     extern E:\3.46\pic18-lt\cxx-framework\src\traditional\proc\p18f4620.asm
                T3CONbits   0x000fb1       data     extern E:\3.46\pic18-lt\cxx-framework\src\traditional\proc\p18f4620.asm
                    T3CON   0x000fb1       data     extern E:\3.46\pic18-lt\cxx-framework\src\traditional\proc\p18f4620.asm
                    TMR3L   0x000fb2       data     extern E:\3.46\pic18-lt\cxx-framework\src\traditional\proc\p18f4620.asm
                    TMR3H   0x000fb3       data     extern E:\3.46\pic18-lt\cxx-framework\src\traditional\proc\p18f4620.asm
                    CMCON   0x000fb4       data     extern E:\3.46\pic18-lt\cxx-framework\src\traditional\proc\p18f4620.asm
                CMCONbits   0x000fb4       data     extern E:\3.46\pic18-lt\cxx-framework\src\traditional\proc\p18f4620.asm
                   CVRCON   0x000fb5       data     extern E:\3.46\pic18-lt\cxx-framework\src\traditional\proc\p18f4620.asm
               CVRCONbits   0x000fb5       data     extern E:\3.46\pic18-lt\cxx-framework\src\traditional\proc\p18f4620.asm
                  ECCP1AS   0x000fb6       data     extern E:\3.46\pic18-lt\cxx-framework\src\traditional\proc\p18f4620.asm
              ECCP1ASbits   0x000fb6       data     extern E:\3.46\pic18-lt\cxx-framework\src\traditional\proc\p18f4620.asm
              PWM1CONbits   0x000fb7       data     extern E:\3.46\pic18-lt\cxx-framework\src\traditional\proc\p18f4620.asm
                  PWM1CON   0x000fb7       data     extern E:\3.46\pic18-lt\cxx-framework\src\traditional\proc\p18f4620.asm
                  BAUDCTL   0x000fb8       data     extern E:\3.46\pic18-lt\cxx-framework\src\traditional\proc\p18f4620.asm
              BAUDCONbits   0x000fb8       data     extern E:\3.46\pic18-lt\cxx-framework\src\traditional\proc\p18f4620.asm
                  BAUDCON   0x000fb8       data     extern E:\3.46\pic18-lt\cxx-framework\src\traditional\proc\p18f4620.asm
              BAUDCTLbits   0x000fb8       data     extern E:\3.46\pic18-lt\cxx-framework\src\traditional\proc\p18f4620.asm
              CCP2CONbits   0x000fba       data     extern E:\3.46\pic18-lt\cxx-framework\src\traditional\proc\p18f4620.asm
                  CCP2CON   0x000fba       data     extern E:\3.46\pic18-lt\cxx-framework\src\traditional\proc\p18f4620.asm
                    CCPR2   0x000fbb       data     extern E:\3.46\pic18-lt\cxx-framework\src\traditional\proc\p18f4620.asm
                   CCPR2L   0x000fbb       data     extern E:\3.46\pic18-lt\cxx-framework\src\traditional\proc\p18f4620.asm
                   CCPR2H   0x000fbc       data     extern E:\3.46\pic18-lt\cxx-framework\src\traditional\proc\p18f4620.asm
              CCP1CONbits   0x000fbd       data     extern E:\3.46\pic18-lt\cxx-framework\src\traditional\proc\p18f4620.asm
                  CCP1CON   0x000fbd       data     extern E:\3.46\pic18-lt\cxx-framework\src\traditional\proc\p18f4620.asm
                    CCPR1   0x000fbe       data     extern E:\3.46\pic18-lt\cxx-framework\src\traditional\proc\p18f4620.asm
                   CCPR1L   0x000fbe       data     extern E:\3.46\pic18-lt\cxx-framework\src\traditional\proc\p18f4620.asm
                   CCPR1H   0x000fbf       data     extern E:\3.46\pic18-lt\cxx-framework\src\traditional\proc\p18f4620.asm
                   ADCON2   0x000fc0       data     extern E:\3.46\pic18-lt\cxx-framework\src\traditional\proc\p18f4620.asm
               ADCON2bits   0x000fc0       data     extern E:\3.46\pic18-lt\cxx-framework\src\traditional\proc\p18f4620.asm
               ADCON1bits   0x000fc1       data     extern E:\3.46\pic18-lt\cxx-framework\src\traditional\proc\p18f4620.asm
                   ADCON1   0x000fc1       data     extern E:\3.46\pic18-lt\cxx-framework\src\traditional\proc\p18f4620.asm
                   ADCON0   0x000fc2       data     extern E:\3.46\pic18-lt\cxx-framework\src\traditional\proc\p18f4620.asm
               ADCON0bits   0x000fc2       data     extern E:\3.46\pic18-lt\cxx-framework\src\traditional\proc\p18f4620.asm
                    ADRES   0x000fc3       data     extern E:\3.46\pic18-lt\cxx-framework\src\traditional\proc\p18f4620.asm
                   ADRESL   0x000fc3       data     extern E:\3.46\pic18-lt\cxx-framework\src\traditional\proc\p18f4620.asm
                   ADRESH   0x000fc4       data     extern E:\3.46\pic18-lt\cxx-framework\src\traditional\proc\p18f4620.asm
                  SSPCON2   0x000fc5       data     extern E:\3.46\pic18-lt\cxx-framework\src\traditional\proc\p18f4620.asm
              SSPCON2bits   0x000fc5       data     extern E:\3.46\pic18-lt\cxx-framework\src\traditional\proc\p18f4620.asm
                  SSPCON1   0x000fc6       data     extern E:\3.46\pic18-lt\cxx-framework\src\traditional\proc\p18f4620.asm
              SSPCON1bits   0x000fc6       data     extern E:\3.46\pic18-lt\cxx-framework\src\traditional\proc\p18f4620.asm
                  SSPSTAT   0x000fc7       data     extern E:\3.46\pic18-lt\cxx-framework\src\traditional\proc\p18f4620.asm
              SSPSTATbits   0x000fc7       data     extern E:\3.46\pic18-lt\cxx-framework\src\traditional\proc\p18f4620.asm
                   SSPADD   0x000fc8       data     extern E:\3.46\pic18-lt\cxx-framework\src\traditional\proc\p18f4620.asm
                   SSPBUF   0x000fc9       data     extern E:\3.46\pic18-lt\cxx-framework\src\traditional\proc\p18f4620.asm
                    T2CON   0x000fca       data     extern E:\3.46\pic18-lt\cxx-framework\src\traditional\proc\p18f4620.asm
                T2CONbits   0x000fca       data     extern E:\3.46\pic18-lt\cxx-framework\src\traditional\proc\p18f4620.asm
                      PR2   0x000fcb       data     extern E:\3.46\pic18-lt\cxx-framework\src\traditional\proc\p18f4620.asm
                     TMR2   0x000fcc       data     extern E:\3.46\pic18-lt\cxx-framework\src\traditional\proc\p18f4620.asm
                T1CONbits   0x000fcd       data     extern E:\3.46\pic18-lt\cxx-framework\src\traditional\proc\p18f4620.asm
                    T1CON   0x000fcd       data     extern E:\3.46\pic18-lt\cxx-framework\src\traditional\proc\p18f4620.asm
                    TMR1L   0x000fce       data     extern E:\3.46\pic18-lt\cxx-framework\src\traditional\proc\p18f4620.asm
                    TMR1H   0x000fcf       data     extern E:\3.46\pic18-lt\cxx-framework\src\traditional\proc\p18f4620.asm
                     RCON   0x000fd0       data     extern E:\3.46\pic18-lt\cxx-framework\src\traditional\proc\p18f4620.asm
                 RCONbits   0x000fd0       data     extern E:\3.46\pic18-lt\cxx-framework\src\traditional\proc\p18f4620.asm
               WDTCONbits   0x000fd1       data     extern E:\3.46\pic18-lt\cxx-framework\src\traditional\proc\p18f4620.asm
                   WDTCON   0x000fd1       data     extern E:\3.46\pic18-lt\cxx-framework\src\traditional\proc\p18f4620.asm
               LVDCONbits   0x000fd2       data     extern E:\3.46\pic18-lt\cxx-framework\src\traditional\proc\p18f4620.asm
                   LVDCON   0x000fd2       data     extern E:\3.46\pic18-lt\cxx-framework\src\traditional\proc\p18f4620.asm
              HLVDCONbits   0x000fd2       data     extern E:\3.46\pic18-lt\cxx-framework\src\traditional\proc\p18f4620.asm
                  HLVDCON   0x000fd2       data     extern E:\3.46\pic18-lt\cxx-framework\src\traditional\proc\p18f4620.asm
               OSCCONbits   0x000fd3       data     extern E:\3.46\pic18-lt\cxx-framework\src\traditional\proc\p18f4620.asm
                   OSCCON   0x000fd3       data     extern E:\3.46\pic18-lt\cxx-framework\src\traditional\proc\p18f4620.asm
                T0CONbits   0x000fd5       data     extern E:\3.46\pic18-lt\cxx-framework\src\traditional\proc\p18f4620.asm
                    T0CON   0x000fd5       data     extern E:\3.46\pic18-lt\cxx-framework\src\traditional\proc\p18f4620.asm
                    TMR0L   0x000fd6       data     extern E:\3.46\pic18-lt\cxx-framework\src\traditional\proc\p18f4620.asm
                    TMR0H   0x000fd7       data     extern E:\3.46\pic18-lt\cxx-framework\src\traditional\proc\p18f4620.asm
                   STATUS   0x000fd8       data     extern E:\3.46\pic18-lt\cxx-framework\src\traditional\proc\p18f4620.asm
               STATUSbits   0x000fd8       data     extern E:\3.46\pic18-lt\cxx-framework\src\traditional\proc\p18f4620.asm
                     FSR2   0x000fd9       data     extern E:\3.46\pic18-lt\cxx-framework\src\traditional\proc\p18f4620.asm
                    FSR2L   0x000fd9       data     extern E:\3.46\pic18-lt\cxx-framework\src\traditional\proc\p18f4620.asm
                    FSR2H   0x000fda       data     extern E:\3.46\pic18-lt\cxx-framework\src\traditional\proc\p18f4620.asm
                   PLUSW2   0x000fdb       data     extern E:\3.46\pic18-lt\cxx-framework\src\traditional\proc\p18f4620.asm
                  PREINC2   0x000fdc       data     extern E:\3.46\pic18-lt\cxx-framework\src\traditional\proc\p18f4620.asm
                 POSTDEC2   0x000fdd       data     extern E:\3.46\pic18-lt\cxx-framework\src\traditional\proc\p18f4620.asm
                 POSTINC2   0x000fde       data     extern E:\3.46\pic18-lt\cxx-framework\src\traditional\proc\p18f4620.asm
                    INDF2   0x000fdf       data     extern E:\3.46\pic18-lt\cxx-framework\src\traditional\proc\p18f4620.asm
                      BSR   0x000fe0       data     extern E:\3.46\pic18-lt\cxx-framework\src\traditional\proc\p18f4620.asm
                     FSR1   0x000fe1       data     extern E:\3.46\pic18-lt\cxx-framework\src\traditional\proc\p18f4620.asm
                    FSR1L   0x000fe1       data     extern E:\3.46\pic18-lt\cxx-framework\src\traditional\proc\p18f4620.asm
                    FSR1H   0x000fe2       data     extern E:\3.46\pic18-lt\cxx-framework\src\traditional\proc\p18f4620.asm
                   PLUSW1   0x000fe3       data     extern E:\3.46\pic18-lt\cxx-framework\src\traditional\proc\p18f4620.asm
                  PREINC1   0x000fe4       data     extern E:\3.46\pic18-lt\cxx-framework\src\traditional\proc\p18f4620.asm
                 POSTDEC1   0x000fe5       data     extern E:\3.46\pic18-lt\cxx-framework\src\traditional\proc\p18f4620.asm
                 POSTINC1   0x000fe6       data     extern E:\3.46\pic18-lt\cxx-framework\src\traditional\proc\p18f4620.asm
                    INDF1   0x000fe7       data     extern E:\3.46\pic18-lt\cxx-framework\src\traditional\proc\p18f4620.asm
                        W   0x000fe8       data     extern E:\3.46\pic18-lt\cxx-framework\src\traditional\proc\p18f4620.asm
                     WREG   0x000fe8       data     extern E:\3.46\pic18-lt\cxx-framework\src\traditional\proc\p18f4620.asm
                    FSR0L   0x000fe9       data     extern E:\3.46\pic18-lt\cxx-framework\src\traditional\proc\p18f4620.asm
                     FSR0   0x000fe9       data     extern E:\3.46\pic18-lt\cxx-framework\src\traditional\proc\p18f4620.asm
                    FSR0H   0x000fea       data     extern E:\3.46\pic18-lt\cxx-framework\src\traditional\proc\p18f4620.asm
                   PLUSW0   0x000feb       data     extern E:\3.46\pic18-lt\cxx-framework\src\traditional\proc\p18f4620.asm
                  PREINC0   0x000fec       data     extern E:\3.46\pic18-lt\cxx-framework\src\traditional\proc\p18f4620.asm
                 POSTDEC0   0x000fed       data     extern E:\3.46\pic18-lt\cxx-framework\src\traditional\proc\p18f4620.asm
                 POSTINC0   0x000fee       data     extern E:\3.46\pic18-lt\cxx-framework\src\traditional\proc\p18f4620.asm
                    INDF0   0x000fef       data     extern E:\3.46\pic18-lt\cxx-framework\src\traditional\proc\p18f4620.asm
              INTCON3bits   0x000ff0       data     extern E:\3.46\pic18-lt\cxx-framework\src\traditional\proc\p18f4620.asm
                  INTCON3   0x000ff0       data     extern E:\3.46\pic18-lt\cxx-framework\src\traditional\proc\p18f4620.asm
                  INTCON2   0x000ff1       data     extern E:\3.46\pic18-lt\cxx-framework\src\traditional\proc\p18f4620.asm
              INTCON2bits   0x000ff1       data     extern E:\3.46\pic18-lt\cxx-framework\src\traditional\proc\p18f4620.asm
                   INTCON   0x000ff2       data     extern E:\3.46\pic18-lt\cxx-framework\src\traditional\proc\p18f4620.asm
               INTCONbits   0x000ff2       data     extern E:\3.46\pic18-lt\cxx-framework\src\traditional\proc\p18f4620.asm
                     PROD   0x000ff3       data     extern E:\3.46\pic18-lt\cxx-framework\src\traditional\proc\p18f4620.asm
                    PRODL   0x000ff3       data     extern E:\3.46\pic18-lt\cxx-framework\src\traditional\proc\p18f4620.asm
                    PRODH   0x000ff4       data     extern E:\3.46\pic18-lt\cxx-framework\src\traditional\proc\p18f4620.asm
                   TABLAT   0x000ff5       data     extern E:\3.46\pic18-lt\cxx-framework\src\traditional\proc\p18f4620.asm
                  TBLPTRL   0x000ff6       data     extern E:\3.46\pic18-lt\cxx-framework\src\traditional\proc\p18f4620.asm
                   TBLPTR   0x000ff6       data     extern E:\3.46\pic18-lt\cxx-framework\src\traditional\proc\p18f4620.asm
                  TBLPTRH   0x000ff7       data     extern E:\3.46\pic18-lt\cxx-framework\src\traditional\proc\p18f4620.asm
                  TBLPTRU   0x000ff8       data     extern E:\3.46\pic18-lt\cxx-framework\src\traditional\proc\p18f4620.asm
                       PC   0x000ff9       data     extern E:\3.46\pic18-lt\cxx-framework\src\traditional\proc\p18f4620.asm
                      PCL   0x000ff9       data     extern E:\3.46\pic18-lt\cxx-framework\src\traditional\proc\p18f4620.asm
                   PCLATH   0x000ffa       data     extern E:\3.46\pic18-lt\cxx-framework\src\traditional\proc\p18f4620.asm
                   PCLATU   0x000ffb       data     extern E:\3.46\pic18-lt\cxx-framework\src\traditional\proc\p18f4620.asm
                   STKPTR   0x000ffc       data     extern E:\3.46\pic18-lt\cxx-framework\src\traditional\proc\p18f4620.asm
               STKPTRbits   0x000ffc       data     extern E:\3.46\pic18-lt\cxx-framework\src\traditional\proc\p18f4620.asm
                      TOS   0x000ffd       data     extern E:\3.46\pic18-lt\cxx-framework\src\traditional\proc\p18f4620.asm
                     TOSL   0x000ffd       data     extern E:\3.46\pic18-lt\cxx-framework\src\traditional\proc\p18f4620.asm
                     TOSH   0x000ffe       data     extern E:\3.46\pic18-lt\cxx-framework\src\traditional\proc\p18f4620.asm
                     TOSU   0x000fff       data     extern E:\3.46\pic18-lt\cxx-framework\src\traditional\proc\p18f4620.asm


